<html>
<body>
<pre>
<h1>µVision Build Log</h1>
<h2>Tool Versions:</h2>
IDE-Version: ¦ÌVision V5.28.0.0
Copyright (C) 2019 ARM Ltd and ARM Germany GmbH. All rights reserved.
License Information: Arthur Elite, TSDWorks, LIC=RC93N-YN43M-9UX4U-SZCRU-7HGEU-FG847
 
Tool Versions:
Toolchain:       MDK-ARM Plus  Version: 5.28.0.0
Toolchain Path:  C:\Keil_v5\ARM\ARMCC\Bin
C Compiler:      Armcc.exe V5.06 update 6 (build 750)
Assembler:       Armasm.exe V5.06 update 6 (build 750)
Linker/Locator:  ArmLink.exe V5.06 update 6 (build 750)
Library Manager: ArmAr.exe V5.06 update 6 (build 750)
Hex Converter:   FromElf.exe V5.06 update 6 (build 750)
CPU DLL:         SARMCM3.DLL V5.28.0.0
Dialog DLL:      DCM.DLL V1.17.3.0
Target DLL:      CMSIS_AGDI.dll V1.31.18.0
Dialog DLL:      TCM.DLL V1.36.2.0
 
<h2>Project:</h2>
C:\Documents\Lift\master\USER\Crane.uvprojx
Project File Date:  10/27/2019

<h2>Output:</h2>
*** Using Compiler 'V5.06 update 6 (build 750)', folder: 'C:\Keil_v5\ARM\ARMCC\Bin'
Rebuild target 'Crane'
assembling startup_stm32f40_41xxx.s...
compiling stm32f4xx_cryp_des.c...
compiling stm32f4xx_crc.c...
compiling stm32f4xx_it.c...
compiling misc.c...
compiling system_stm32f4xx.c...
compiling stm32f4xx_cryp_tdes.c...
compiling stm32f4xx_adc.c...
compiling Crane.c...
compiling stm32f4xx_cryp.c...
compiling stm32f4xx_can.c...
compiling stm32f4xx_cryp_aes.c...
compiling stm32f4xx_dac.c...
compiling stm32f4xx_dbgmcu.c...
compiling stm32f4xx_dcmi.c...
compiling stm32f4xx_gpio.c...
compiling stm32f4xx_flash_ramfunc.c...
compiling stm32f4xx_exti.c...
compiling stm32f4xx_fsmc.c...
compiling stm32f4xx_dma.c...
compiling stm32f4xx_hash.c...
compiling stm32f4xx_dma2d.c...
compiling stm32f4xx_flash.c...
compiling stm32f4xx_iwdg.c...
compiling stm32f4xx_hash_md5.c...
compiling stm32f4xx_rng.c...
compiling stm32f4xx_pwr.c...
compiling stm32f4xx_sdio.c...
compiling stm32f4xx_hash_sha1.c...
compiling stm32f4xx_sai.c...
compiling stm32f4xx_i2c.c...
compiling stm32f4xx_ltdc.c...
compiling stm32f4xx_rcc.c...
compiling stm32f4xx_rtc.c...
compiling stm32f4xx_syscfg.c...
compiling delay.c...
compiling sys.c...
compiling stm32f4xx_spi.c...
compiling stm32f4xx_wwdg.c...
compiling Movebase_MOTOR.c...
compiling Movebase_ENCODER.c...
compiling stm32f4xx_usart.c...
compiling Remote_RADIO.c...
compiling Remote_USART.c...
compiling stm32f4xx_tim.c...
compiling Movebase_KINEMATIC.c...
compiling Pulley_SERVO.c...
compiling Pulley_STEPPER.c...
compiling Movebase_DEBUGLED.c...
compiling IOManager.c...
compiling STDFunctions.c...
compiling Movebase_CONTROL.c...
compiling Remote_CONTROL.c...
compiling Pulley_VEHICLE.c...
linking...
Program Size: Code=12568 RO-data=424 RW-data=204 ZI-data=5812  
FromELF: creating hex file...
"..\OBJ\Crane.axf" - 0 Error(s), 0 Warning(s).

<h2>Software Packages used:</h2>

Package Vendor: Keil
                http://www.keil.com/pack/Keil.STM32F4xx_DFP.2.13.0.pack
                Keil.STM32F4xx_DFP.2.13.0
                STMicroelectronics STM32F4 Series Device Support, Drivers and Examples

<h2>Collection of Component include folders:</h2>
  .\RTE\_Crane
  C:\Users\railw\AppData\Local\Arm\Packs\Keil\STM32F4xx_DFP\2.13.0\Drivers\CMSIS\Device\ST\STM32F4xx\Include

<h2>Collection of Component Files used:</h2>
Build Time Elapsed:  00:00:06
</pre>
</body>
</html>
