Component: ARM Compiler 5.06 update 6 (build 750) Tool: armlink [4d35ed]

==============================================================================

Section Cross References

    system_stm32f4xx.o(i.SystemCoreClockUpdate) refers to system_stm32f4xx.o(.data) for .data
    system_stm32f4xx.o(i.SystemInit) refers to system_stm32f4xx.o(i.SetSysClock) for SetSysClock
    crane.o(i.main) refers to delay.o(i.delay_init) for delay_init
    crane.o(i.main) refers to remote_control.o(i.Remote_CONTROL_Init) for Remote_CONTROL_Init
    crane.o(i.main) refers to remote_radio.o(i.Remote_RADIO_FullRecieved) for Remote_RADIO_FullRecieved
    crane.o(i.main) refers to stdfunctions.o(i.Str2Int) for Str2Int
    crane.o(i.main) refers to stdfunctions.o(i.Str2Float) for Str2Float
    crane.o(i.main) refers to remote_radio.o(i.Remote_RADIO_HasReaded) for Remote_RADIO_HasReaded
    crane.o(i.main) refers to movebase_control.o(i.Movebase_CONTROL_SetSpeed) for Movebase_CONTROL_SetSpeed
    crane.o(i.main) refers to pulley_stepper.o(i.Pulley_STEPPER_SetHeight) for Pulley_STEPPER_SetHeight
    crane.o(i.main) refers to pulley_vehicle.o(i.Pulley_VEHICLE_Run) for Pulley_VEHICLE_Run
    crane.o(i.main) refers to pulley_vehicle.o(i.Pulley_VEHICLE_C_HookRotate) for Pulley_VEHICLE_C_HookRotate
    crane.o(i.main) refers to movebase_control.o(i.Movebase_CONTROL_SetPI) for Movebase_CONTROL_SetPI
    crane.o(i.main) refers to remote_radio.o(.bss) for Remote_RADIO_radioRecieved
    crane.o(i.main) refers to crane.o(.bss) for .bss
    crane.o(i.main) refers to crane.o(.data) for .data
    crane.o(i.main) refers to remote_radio.o(.data) for Remote_RADIO_packSize
    startup_stm32f40_41xxx.o(STACK) refers (Special) to heapauxi.o(.text) for __use_two_region_memory
    startup_stm32f40_41xxx.o(HEAP) refers (Special) to heapauxi.o(.text) for __use_two_region_memory
    startup_stm32f40_41xxx.o(RESET) refers (Special) to heapauxi.o(.text) for __use_two_region_memory
    startup_stm32f40_41xxx.o(RESET) refers to startup_stm32f40_41xxx.o(STACK) for __initial_sp
    startup_stm32f40_41xxx.o(RESET) refers to startup_stm32f40_41xxx.o(.text) for Reset_Handler
    startup_stm32f40_41xxx.o(RESET) refers to stm32f4xx_it.o(i.NMI_Handler) for NMI_Handler
    startup_stm32f40_41xxx.o(RESET) refers to stm32f4xx_it.o(i.HardFault_Handler) for HardFault_Handler
    startup_stm32f40_41xxx.o(RESET) refers to stm32f4xx_it.o(i.MemManage_Handler) for MemManage_Handler
    startup_stm32f40_41xxx.o(RESET) refers to stm32f4xx_it.o(i.BusFault_Handler) for BusFault_Handler
    startup_stm32f40_41xxx.o(RESET) refers to stm32f4xx_it.o(i.UsageFault_Handler) for UsageFault_Handler
    startup_stm32f40_41xxx.o(RESET) refers to stm32f4xx_it.o(i.SVC_Handler) for SVC_Handler
    startup_stm32f40_41xxx.o(RESET) refers to stm32f4xx_it.o(i.DebugMon_Handler) for DebugMon_Handler
    startup_stm32f40_41xxx.o(RESET) refers to stm32f4xx_it.o(i.PendSV_Handler) for PendSV_Handler
    startup_stm32f40_41xxx.o(RESET) refers to stm32f4xx_it.o(i.SysTick_Handler) for SysTick_Handler
    startup_stm32f40_41xxx.o(RESET) refers to remote_control.o(i.TIM1_BRK_TIM9_IRQHandler) for TIM1_BRK_TIM9_IRQHandler
    startup_stm32f40_41xxx.o(RESET) refers to movebase_encoder.o(i.TIM2_IRQHandler) for TIM2_IRQHandler
    startup_stm32f40_41xxx.o(RESET) refers to movebase_encoder.o(i.TIM3_IRQHandler) for TIM3_IRQHandler
    startup_stm32f40_41xxx.o(RESET) refers to movebase_encoder.o(i.TIM4_IRQHandler) for TIM4_IRQHandler
    startup_stm32f40_41xxx.o(RESET) refers to remote_usart.o(i.USART1_IRQHandler) for USART1_IRQHandler
    startup_stm32f40_41xxx.o(RESET) refers to remote_usart.o(i.USART2_IRQHandler) for USART2_IRQHandler
    startup_stm32f40_41xxx.o(RESET) refers to remote_usart.o(i.USART3_IRQHandler) for USART3_IRQHandler
    startup_stm32f40_41xxx.o(RESET) refers to movebase_encoder.o(i.TIM5_IRQHandler) for TIM5_IRQHandler
    startup_stm32f40_41xxx.o(RESET) refers to movebase_control.o(i.TIM6_DAC_IRQHandler) for TIM6_DAC_IRQHandler
    startup_stm32f40_41xxx.o(RESET) refers to pulley_stepper.o(i.TIM7_IRQHandler) for TIM7_IRQHandler
    startup_stm32f40_41xxx.o(.text) refers (Special) to heapauxi.o(.text) for __use_two_region_memory
    startup_stm32f40_41xxx.o(.text) refers to system_stm32f4xx.o(i.SystemInit) for SystemInit
    startup_stm32f40_41xxx.o(.text) refers to __main.o(!!!main) for __main
    startup_stm32f40_41xxx.o(.text) refers to startup_stm32f40_41xxx.o(HEAP) for Heap_Mem
    startup_stm32f40_41xxx.o(.text) refers to startup_stm32f40_41xxx.o(STACK) for Stack_Mem
    stm32f4xx_adc.o(i.ADC_DeInit) refers to stm32f4xx_rcc.o(i.RCC_APB2PeriphResetCmd) for RCC_APB2PeriphResetCmd
    stm32f4xx_can.o(i.CAN_DeInit) refers to stm32f4xx_rcc.o(i.RCC_APB1PeriphResetCmd) for RCC_APB1PeriphResetCmd
    stm32f4xx_can.o(i.CAN_GetITStatus) refers to stm32f4xx_can.o(i.CheckITStatus) for CheckITStatus
[...]
    i.Movebase_CONTROL_PID_A                 0x08000554   Section        0  movebase_control.o(i.Movebase_CONTROL_PID_A)
    i.Movebase_CONTROL_PID_B                 0x080005b0   Section        0  movebase_control.o(i.Movebase_CONTROL_PID_B)
    i.Movebase_CONTROL_PID_C                 0x0800060c   Section        0  movebase_control.o(i.Movebase_CONTROL_PID_C)
    i.Movebase_CONTROL_PID_D                 0x08000668   Section        0  movebase_control.o(i.Movebase_CONTROL_PID_D)
    i.Movebase_CONTROL_SetPI                 0x080006c4   Section        0  movebase_control.o(i.Movebase_CONTROL_SetPI)
    i.Movebase_CONTROL_SetSpeed              0x080006d4   Section        0  movebase_control.o(i.Movebase_CONTROL_SetSpeed)
    i.Movebase_CONTROL_TimerInit             0x08000754   Section        0  movebase_control.o(i.Movebase_CONTROL_TimerInit)
    i.Movebase_DEBUGLED_Init                 0x080007cc   Section        0  movebase_debugled.o(i.Movebase_DEBUGLED_Init)
    i.Movebase_DEBUGLED_Rotate               0x080007ec   Section        0  movebase_debugled.o(i.Movebase_DEBUGLED_Rotate)
    i.Movebase_ENCODER_GetData               0x08000834   Section        0  movebase_encoder.o(i.Movebase_ENCODER_GetData)
    i.Movebase_ENCODER_Init                  0x08000878   Section        0  movebase_encoder.o(i.Movebase_ENCODER_Init)
    i.Movebase_KINEMATIC_CalcMotorSpeed      0x08000aec   Section        0  movebase_kinematic.o(i.Movebase_KINEMATIC_CalcMotorSpeed)
    i.Movebase_KINEMATIC_SetTargetSpeed      0x08000b54   Section        0  movebase_kinematic.o(i.Movebase_KINEMATIC_SetTargetSpeed)
    i.Movebase_KINEMATIC_SetVechicleSize     0x08000b64   Section        0  movebase_kinematic.o(i.Movebase_KINEMATIC_SetVechicleSize)
    i.Movebase_MOTOR_Init                    0x08000b74   Section        0  movebase_motor.o(i.Movebase_MOTOR_Init)
    i.Movebase_MOTOR_PWM_Init                0x08000bac   Section        0  movebase_motor.o(i.Movebase_MOTOR_PWM_Init)
    i.Movebase_MOTOR_SetPWM                  0x08000cb4   Section        0  movebase_motor.o(i.Movebase_MOTOR_SetPWM)
    i.NMI_Handler                            0x08000d9c   Section        0  stm32f4xx_it.o(i.NMI_Handler)
    i.NVIC_Init                              0x08000da0   Section        0  misc.o(i.NVIC_Init)
    i.NVIC_PriorityGroupConfig               0x08000e04   Section        0  misc.o(i.NVIC_PriorityGroupConfig)
    i.PendSV_Handler                         0x08000e18   Section        0  stm32f4xx_it.o(i.PendSV_Handler)
    i.Pulley_SERVO_Init                      0x08000e1c   Section        0  pulley_servo.o(i.Pulley_SERVO_Init)
    i.Pulley_SERVO_Write                     0x08000e2c   Section        0  pulley_servo.o(i.Pulley_SERVO_Write)
    i.Pulley_STEPPER_GetCurrentHeight        0x08000eac   Section        0  pulley_stepper.o(i.Pulley_STEPPER_GetCurrentHeight)
    i.Pulley_STEPPER_Init                    0x08000ed0   Section        0  pulley_stepper.o(i.Pulley_STEPPER_Init)
    i.Pulley_STEPPER_SetHeight               0x08000f10   Section        0  pulley_stepper.o(i.Pulley_STEPPER_SetHeight)
    i.Pulley_STEPPER_TimerInit               0x08000f48   Section        0  pulley_stepper.o(i.Pulley_STEPPER_TimerInit)
    i.Pulley_VEHICLE_C_HookRotate            0x08000fb0   Section        0  pulley_vehicle.o(i.Pulley_VEHICLE_C_HookRotate)
    i.Pulley_VEHICLE_Init                    0x08000fcc   Section        0  pulley_vehicle.o(i.Pulley_VEHICLE_Init)
    i.Pulley_VEHICLE_Run                     0x08001194   Section        0  pulley_vehicle.o(i.Pulley_VEHICLE_Run)
    i.RCC_AHB1PeriphClockCmd                 0x08001698   Section        0  stm32f4xx_rcc.o(i.RCC_AHB1PeriphClockCmd)
    i.RCC_APB1PeriphClockCmd                 0x080016b0   Section        0  stm32f4xx_rcc.o(i.RCC_APB1PeriphClockCmd)
    i.RCC_APB2PeriphClockCmd                 0x080016c8   Section        0  stm32f4xx_rcc.o(i.RCC_APB2PeriphClockCmd)
    i.RCC_GetClocksFreq                      0x080016e0   Section        0  stm32f4xx_rcc.o(i.RCC_GetClocksFreq)
    i.Remote_CONTROL_Init                    0x08001770   Section        0  remote_control.o(i.Remote_CONTROL_Init)
    i.Remote_CONTROL_Reporter_Init           0x080017c4   Section        0  remote_control.o(i.Remote_CONTROL_Reporter_Init)
    i.Remote_RADIO_FullRecieved              0x08001834   Section        0  remote_radio.o(i.Remote_RADIO_FullRecieved)
    i.Remote_RADIO_HasReaded                 0x08001890   Section        0  remote_radio.o(i.Remote_RADIO_HasReaded)
    i.Remote_RADIO_Init                      0x0800189c   Section        0  remote_radio.o(i.Remote_RADIO_Init)
    i.Remote_RADIO_Send                      0x08001918   Section        0  remote_radio.o(i.Remote_RADIO_Send)
    i.Remote_RADIO_SendFloat                 0x08001928   Section        0  remote_radio.o(i.Remote_RADIO_SendFloat)
    i.Remote_RADIO_SendInt                   0x08001934   Section        0  remote_radio.o(i.Remote_RADIO_SendInt)
    i.Remote_USART1_Avaialable               0x08001944   Section        0  remote_usart.o(i.Remote_USART1_Avaialable)
    i.Remote_USART1_Init                     0x08001954   Section        0  remote_usart.o(i.Remote_USART1_Init)
    i.Remote_USART1_ReadByte                 0x08001a18   Section        0  remote_usart.o(i.Remote_USART1_ReadByte)
    i.Remote_USART1_Send                     0x08001a48   Section        0  remote_usart.o(i.Remote_USART1_Send)
    i.Remote_USART1_SendFloat                0x08001a8c   Section        0  remote_usart.o(i.Remote_USART1_SendFloat)
    i.Remote_USART1_SendInt                  0x08001adc   Section        0  remote_usart.o(i.Remote_USART1_SendInt)
    i.Remote_USART2_Avaialable               0x08001b4c   Section        0  remote_usart.o(i.Remote_USART2_Avaialable)
    i.Remote_USART2_Init                     0x08001b5c   Section        0  remote_usart.o(i.Remote_USART2_Init)
    i.Remote_USART2_ReadByte                 0x08001c20   Section        0  remote_usart.o(i.Remote_USART2_ReadByte)
    i.Remote_USART2_Send                     0x08001c50   Section        0  remote_usart.o(i.Remote_USART2_Send)
    i.Remote_USART2_SendFloat                0x08001c94   Section        0  remote_usart.o(i.Remote_USART2_SendFloat)
    i.Remote_USART2_SendInt                  0x08001ce4   Section        0  remote_usart.o(i.Remote_USART2_SendInt)
    i.Remote_USART3_Avaialable               0x08001d54   Section        0  remote_usart.o(i.Remote_USART3_Avaialable)
    i.Remote_USART3_Init                     0x08001d64   Section        0  remote_usart.o(i.Remote_USART3_Init)
    i.Remote_USART3_ReadByte                 0x08001e28   Section        0  remote_usart.o(i.Remote_USART3_ReadByte)
    i.Remote_USART3_Send                     0x08001e58   Section        0  remote_usart.o(i.Remote_USART3_Send)
    i.Remote_USART3_SendFloat                0x08001e9c   Section        0  remote_usart.o(i.Remote_USART3_SendFloat)
    i.Remote_USART3_SendInt                  0x08001eec   Section        0  remote_usart.o(i.Remote_USART3_SendInt)
    i.Remote_USART_Avaialable                0x08001f5c   Section        0  remote_usart.o(i.Remote_USART_Avaialable)
    i.Remote_USART_Init                      0x08001f7a   Section        0  remote_usart.o(i.Remote_USART_Init)
    i.Remote_USART_ReadByte                  0x08001f9a   Section        0  remote_usart.o(i.Remote_USART_ReadByte)
    i.Remote_USART_Send                      0x08001fb8   Section        0  remote_usart.o(i.Remote_USART_Send)
    i.Remote_USART_SendFloat                 0x08001fd8   Section        0  remote_usart.o(i.Remote_USART_SendFloat)
    i.Remote_USART_SendInt                   0x08001ff2   Section        0  remote_usart.o(i.Remote_USART_SendInt)
    i.Remote_USART_Write                     0x08002012   Section        0  remote_usart.o(i.Remote_USART_Write)
    i.SVC_Handler                            0x08002042   Section        0  stm32f4xx_it.o(i.SVC_Handler)
    i.SetSysClock                            0x08002044   Section        0  system_stm32f4xx.o(i.SetSysClock)
    SetSysClock                              0x08002045   Thumb Code   162  system_stm32f4xx.o(i.SetSysClock)
    i.Str2Float                              0x080020f8   Section        0  stdfunctions.o(i.Str2Float)
    i.Str2Int                                0x08002160   Section        0  stdfunctions.o(i.Str2Int)
    i.SysTick_CLKSourceConfig                0x08002190   Section        0  misc.o(i.SysTick_CLKSourceConfig)
    i.SysTick_Handler                        0x080021a8   Section        0  stm32f4xx_it.o(i.SysTick_Handler)
    i.SystemInit                             0x080021ac   Section        0  system_stm32f4xx.o(i.SystemInit)
    i.TI1_Config                             0x08002208   Section        0  stm32f4xx_tim.o(i.TI1_Config)
    TI1_Config                               0x08002209   Thumb Code    46  stm32f4xx_tim.o(i.TI1_Config)
    i.TI2_Config                             0x08002236   Section        0  stm32f4xx_tim.o(i.TI2_Config)
    TI2_Config                               0x08002237   Thumb Code    54  stm32f4xx_tim.o(i.TI2_Config)
    i.TIM1_BRK_TIM9_IRQHandler               0x0800226c   Section        0  remote_control.o(i.TIM1_BRK_TIM9_IRQHandler)
    i.TIM2_IRQHandler                        0x08002334   Section        0  movebase_encoder.o(i.TIM2_IRQHandler)
    i.TIM3_IRQHandler                        0x0800233c   Section        0  movebase_encoder.o(i.TIM3_IRQHandler)
    i.TIM4_IRQHandler                        0x08002348   Section        0  movebase_encoder.o(i.TIM4_IRQHandler)
    i.TIM5_IRQHandler                        0x08002354   Section        0  movebase_encoder.o(i.TIM5_IRQHandler)
    i.TIM6_DAC_IRQHandler                    0x08002360   Section        0  movebase_control.o(i.TIM6_DAC_IRQHandler)
    i.TIM7_IRQHandler                        0x08002388   Section        0  pulley_stepper.o(i.TIM7_IRQHandler)
    i.TIM_ARRPreloadConfig                   0x08002400   Section        0  stm32f4xx_tim.o(i.TIM_ARRPreloadConfig)
    i.TIM_ClearFlag                          0x08002414   Section        0  stm32f4xx_tim.o(i.TIM_ClearFlag)
    i.TIM_ClearITPendingBit                  0x0800241a   Section        0  stm32f4xx_tim.o(i.TIM_ClearITPendingBit)
    i.TIM_Cmd                                0x08002420   Section        0  stm32f4xx_tim.o(i.TIM_Cmd)
    i.TIM_CtrlPWMOutputs                     0x08002434   Section        0  stm32f4xx_tim.o(i.TIM_CtrlPWMOutputs)
    i.TIM_EncoderInterfaceConfig             0x0800244a   Section        0  stm32f4xx_tim.o(i.TIM_EncoderInterfaceConfig)
    i.TIM_GetITStatus                        0x0800247c   Section        0  stm32f4xx_tim.o(i.TIM_GetITStatus)
    i.TIM_ICInit                             0x08002494   Section        0  stm32f4xx_tim.o(i.TIM_ICInit)
    i.TIM_ICStructInit                       0x08002540   Section        0  stm32f4xx_tim.o(i.TIM_ICStructInit)
    i.TIM_ITConfig                           0x08002550   Section        0  stm32f4xx_tim.o(i.TIM_ITConfig)
    i.TIM_OC1Init                            0x08002560   Section        0  stm32f4xx_tim.o(i.TIM_OC1Init)
    i.TIM_OC1PreloadConfig                   0x080025c0   Section        0  stm32f4xx_tim.o(i.TIM_OC1PreloadConfig)
    i.TIM_OC2Init                            0x080025cc   Section        0  stm32f4xx_tim.o(i.TIM_OC2Init)
    i.TIM_OC2PreloadConfig                   0x0800264c   Section        0  stm32f4xx_tim.o(i.TIM_OC2PreloadConfig)
    i.TIM_OC3Init                            0x08002660   Section        0  stm32f4xx_tim.o(i.TIM_OC3Init)
    i.TIM_OC3PreloadConfig                   0x080026dc   Section        0  stm32f4xx_tim.o(i.TIM_OC3PreloadConfig)
    i.TIM_OC4Init                            0x080026e8   Section        0  stm32f4xx_tim.o(i.TIM_OC4Init)
    i.TIM_OC4PreloadConfig                   0x08002748   Section        0  stm32f4xx_tim.o(i.TIM_OC4PreloadConfig)
    i.TIM_SetCounter                         0x0800275c   Section        0  stm32f4xx_tim.o(i.TIM_SetCounter)
    i.TIM_SetIC1Prescaler                    0x08002760   Section        0  stm32f4xx_tim.o(i.TIM_SetIC1Prescaler)
    i.TIM_SetIC2Prescaler                    0x08002770   Section        0  stm32f4xx_tim.o(i.TIM_SetIC2Prescaler)
    i.TIM_SetIC3Prescaler                    0x08002788   Section        0  stm32f4xx_tim.o(i.TIM_SetIC3Prescaler)
    i.TIM_SetIC4Prescaler                    0x08002798   Section        0  stm32f4xx_tim.o(i.TIM_SetIC4Prescaler)
    i.TIM_TimeBaseInit                       0x080027b0   Section        0  stm32f4xx_tim.o(i.TIM_TimeBaseInit)
    i.TIM_TimeBaseStructInit                 0x0800282c   Section        0  stm32f4xx_tim.o(i.TIM_TimeBaseStructInit)
    i.USART1_IRQHandler                      0x08002840   Section        0  remote_usart.o(i.USART1_IRQHandler)
    i.USART2_IRQHandler                      0x080028ac   Section        0  remote_usart.o(i.USART2_IRQHandler)
    i.USART3_IRQHandler                      0x08002918   Section        0  remote_usart.o(i.USART3_IRQHandler)
    i.USART_ClearFlag                        0x08002984   Section        0  stm32f4xx_usart.o(i.USART_ClearFlag)
    i.USART_ClearITPendingBit                0x0800298a   Section        0  stm32f4xx_usart.o(i.USART_ClearITPendingBit)
    i.USART_Cmd                              0x08002996   Section        0  stm32f4xx_usart.o(i.USART_Cmd)
    i.USART_GetFlagStatus                    0x080029aa   Section        0  stm32f4xx_usart.o(i.USART_GetFlagStatus)
    i.USART_GetITStatus                      0x080029b8   Section        0  stm32f4xx_usart.o(i.USART_GetITStatus)
    i.USART_ITConfig                         0x080029f6   Section        0  stm32f4xx_usart.o(i.USART_ITConfig)
    i.USART_Init                             0x08002a28   Section        0  stm32f4xx_usart.o(i.USART_Init)
    i.USART_ReceiveData                      0x08002ad4   Section        0  stm32f4xx_usart.o(i.USART_ReceiveData)
    i.USART_SendData                         0x08002adc   Section        0  stm32f4xx_usart.o(i.USART_SendData)
    i.UsageFault_Handler                     0x08002ae4   Section        0  stm32f4xx_it.o(i.UsageFault_Handler)
    i.delay_init                             0x08002ae8   Section        0  delay.o(i.delay_init)
    i.delay_ms                               0x08002b14   Section        0  delay.o(i.delay_ms)
    i.delay_xms                              0x08002b48   Section        0  delay.o(i.delay_xms)
    i.main                                   0x08002b7c   Section        0  crane.o(i.main)
    x$fpl$d2f                                0x08002c54   Section       98  d2f.o(x$fpl$d2f)
    $v0                                      0x08002c54   Number         0  d2f.o(x$fpl$d2f)
    x$fpl$dadd                               0x08002cb8   Section      336  daddsub_clz.o(x$fpl$dadd)
    $v0                                      0x08002cb8   Number         0  daddsub_clz.o(x$fpl$dadd)
    _dadd1                                   0x08002cc9   Thumb Code     0  daddsub_clz.o(x$fpl$dadd)
    x$fpl$dfix                               0x08002e08   Section       94  dfix.o(x$fpl$dfix)
    $v0                                      0x08002e08   Number         0  dfix.o(x$fpl$dfix)
    x$fpl$dflt                               0x08002e66   Section       46  dflt_clz.o(x$fpl$dflt)
    $v0                                      0x08002e66   Number         0  dflt_clz.o(x$fpl$dflt)
    x$fpl$dfltu                              0x08002e94   Section       38  dflt_clz.o(x$fpl$dfltu)
    $v0                                      0x08002e94   Number         0  dflt_clz.o(x$fpl$dfltu)
    x$fpl$dmul                               0x08002ebc   Section      340  dmul.o(x$fpl$dmul)
    $v0                                      0x08002ebc   Number         0  dmul.o(x$fpl$dmul)
    x$fpl$dnaninf                            0x08003010   Section      156  dnaninf.o(x$fpl$dnaninf)
    $v0                                      0x08003010   Number         0  dnaninf.o(x$fpl$dnaninf)
    x$fpl$dretinf                            0x080030ac   Section       12  dretinf.o(x$fpl$dretinf)
    $v0                                      0x080030ac   Number         0  dretinf.o(x$fpl$dretinf)
    x$fpl$dsub                               0x080030b8   Section      468  daddsub_clz.o(x$fpl$dsub)
    $v0                                      0x080030b8   Number         0  daddsub_clz.o(x$fpl$dsub)
    _dsub1                                   0x080030c9   Thumb Code     0  daddsub_clz.o(x$fpl$dsub)
    x$fpl$fpinit                             0x0800328c   Section       10  fpinit.o(x$fpl$fpinit)
    $v0                                      0x0800328c   Number         0  fpinit.o(x$fpl$fpinit)
    x$fpl$fretinf                            0x08003296   Section       10  fretinf.o(x$fpl$fretinf)
    $v0                                      0x08003296   Number         0  fretinf.o(x$fpl$fretinf)
    x$fpl$usenofp                            0x080032a0   Section        0  usenofp.o(x$fpl$usenofp)
    .data                                    0x20000000   Section        1  crane.o(.data)
    .data                                    0x20000001   Section       16  stm32f4xx_rcc.o(.data)
    APBAHBPrescTable                         0x20000001   Data          16  stm32f4xx_rcc.o(.data)
    .data                                    0x20000012   Section        4  delay.o(.data)
    fac_us                                   0x20000012   Data           1  delay.o(.data)
    fac_ms                                   0x20000014   Data           2  delay.o(.data)
    .data                                    0x20000016   Section       18  remote_usart.o(.data)
    .data                                    0x20000028   Section        8  remote_radio.o(.data)
    .data                                    0x20000030   Section       36  movebase_kinematic.o(.data)
    .data                                    0x20000054   Section       92  movebase_control.o(.data)
    error                                    0x20000080   Data           4  movebase_control.o(.data)
    last_error                               0x20000084   Data           4  movebase_control.o(.data)
    pwm_output                               0x20000088   Data           4  movebase_control.o(.data)
    error                                    0x2000008c   Data           4  movebase_control.o(.data)
    last_error                               0x20000090   Data           4  movebase_control.o(.data)
    pwm_output                               0x20000094   Data           4  movebase_control.o(.data)
    error                                    0x20000098   Data           4  movebase_control.o(.data)
    last_error                               0x2000009c   Data           4  movebase_control.o(.data)
    pwm_output                               0x200000a0   Data           4  movebase_control.o(.data)
    error                                    0x200000a4   Data           4  movebase_control.o(.data)
    last_error                               0x200000a8   Data           4  movebase_control.o(.data)
    pwm_output                               0x200000ac   Data           4  movebase_control.o(.data)
    .data                                    0x200000b0   Section        4  pulley_servo.o(.data)
    .data                                    0x200000b4   Section        1  movebase_debugled.o(.data)
    .data                                    0x200000b8   Section       12  pulley_stepper.o(.data)
    lastHeight                               0x200000c0   Data           4  pulley_stepper.o(.data)
    .data                                    0x200000c4   Section        7  pulley_vehicle.o(.data)
    .bss                                     0x200000cc   Section       80  crane.o(.bss)
    .bss                                     0x2000011c   Section     3072  remote_usart.o(.bss)
    .bss                                     0x20000d1c   Section     1024  remote_radio.o(.bss)
    .bss                                     0x2000111c   Section       96  libspace.o(.bss)
    HEAP                                     0x20001180   Section      512  startup_stm32f40_41xxx.o(HEAP)
    Heap_Mem                                 0x20001180   Data         512  startup_stm32f40_41xxx.o(HEAP)
    STACK                                    0x20001380   Section     1024  startup_stm32f40_41xxx.o(STACK)
    Stack_Mem                                0x20001380   Data        1024  startup_stm32f40_41xxx.o(STACK)
    __initial_sp                             0x20001780   Data           0  startup_stm32f40_41xxx.o(STACK)

    Global Symbols

    Symbol Name                              Value     Ov Type        Size  Object(Section)

    BuildAttributes$$THM_ISAv4$E$P$D$K$B$S$7EM$VFPi3$EXTD16$VFPS$VFMA$PE$A:L22UL41UL21$X:L11$S22US41US21$IEEE1$IW$USESV6$~STKCKD$USESV7$~SHL$OSPACE$ROPI$EBA8$UX$STANDARDLIB$REQ8$PRES8$EABIv2 0x00000000   Number         0  anon$$obj.o ABSOLUTE
    __ARM_use_no_argv                        0x00000000   Number         0  crane.o ABSOLUTE
    __ARM_exceptions_init                     - Undefined Weak Reference
    __alloca_initialize                       - Undefined Weak Reference
    __arm_preinit_                            - Undefined Weak Reference
    __cpp_initialize__aeabi_                  - Undefined Weak Reference
    __cxa_finalize                            - Undefined Weak Reference
    __rt_locale                               - Undefined Weak Reference
    __sigvec_lookup                           - Undefined Weak Reference
    _atexit_init                              - Undefined Weak Reference
    _call_atexit_fns                          - Undefined Weak Reference
    _clock_init                               - Undefined Weak Reference
    _fp_trap_init                             - Undefined Weak Reference
    _fp_trap_shutdown                         - Undefined Weak Reference
    _get_lc_collate                           - Undefined Weak Reference
    _get_lc_ctype                             - Undefined Weak Reference
    _get_lc_monetary                          - Undefined Weak Reference
    _get_lc_numeric                           - Undefined Weak Reference
    _get_lc_time                              - Undefined Weak Reference
    _getenv_init                              - Undefined Weak Reference
    _handle_redirection                       - Undefined Weak Reference
    _init_alloc                               - Undefined Weak Reference
    _init_user_alloc                          - Undefined Weak Reference
    _initio                                   - Undefined Weak Reference
    _rand_init                                - Undefined Weak Reference
    _signal_finish                            - Undefined Weak Reference
    _signal_init                              - Undefined Weak Reference
    _terminate_alloc                          - Undefined Weak Reference
    _terminate_user_alloc                     - Undefined Weak Reference
    _terminateio                              - Undefined Weak Reference
    __Vectors_Size                           0x00000188   Number         0  startup_stm32f40_41xxx.o ABSOLUTE
    __Vectors                                0x08000000   Data           4  startup_stm32f40_41xxx.o(RESET)
    __Vectors_End                            0x08000188   Data           0  startup_stm32f40_41xxx.o(RESET)
    __main                                   0x08000189   Thumb Code     8  __main.o(!!!main)
    __scatterload                            0x08000191   Thumb Code     0  __scatter.o(!!!scatter)
    __scatterload_rt2                        0x08000191   Thumb Code    44  __scatter.o(!!!scatter)
    __scatterload_rt2_thumb_only             0x08000191   Thumb Code     0  __scatter.o(!!!scatter)
    __scatterload_null                       0x0800019f   Thumb Code     0  __scatter.o(!!!scatter)
    __scatterload_copy                       0x080001c5   Thumb Code    26  __scatter_copy.o(!!handler_copy)
    __scatterload_zeroinit                   0x080001e1   Thumb Code    28  __scatter_zi.o(!!handler_zi)
    __rt_lib_init                            0x080001fd   Thumb Code     0  libinit.o(.ARM.Collect$$libinit$$00000000)
    __rt_lib_init_fp_1                       0x080001ff   Thumb Code     0  libinit2.o(.ARM.Collect$$libinit$$00000001)
    __rt_lib_init_alloca_1                   0x08000203   Thumb Code     0  libinit2.o(.ARM.Collect$$libinit$$0000002E)
    __rt_lib_init_argv_1                     0x08000203   Thumb Code     0  libinit2.o(.ARM.Collect$$libinit$$0000002C)
    __rt_lib_init_atexit_1                   0x08000203   Thumb Code     0  libinit2.o(.ARM.Collect$$libinit$$0000001B)
    __rt_lib_init_clock_1                    0x08000203   Thumb Code     0  libinit2.o(.ARM.Collect$$libinit$$00000021)
    __rt_lib_init_cpp_1                      0x08000203   Thumb Code     0  libinit2.o(.ARM.Collect$$libinit$$00000032)
    __rt_lib_init_exceptions_1               0x08000203   Thumb Code     0  libinit2.o(.ARM.Collect$$libinit$$00000030)
    __rt_lib_init_fp_trap_1                  0x08000203   Thumb Code     0  libinit2.o(.ARM.Collect$$libinit$$0000001F)
    __rt_lib_init_getenv_1                   0x08000203   Thumb Code     0  libinit2.o(.ARM.Collect$$libinit$$00000023)
    __rt_lib_init_heap_1                     0x08000203   Thumb Code     0  libinit2.o(.ARM.Collect$$libinit$$0000000A)
    __rt_lib_init_lc_collate_1               0x08000203   Thumb Code     0  libinit2.o(.ARM.Collect$$libinit$$00000011)
    __rt_lib_init_lc_ctype_1                 0x08000203   Thumb Code     0  libinit2.o(.ARM.Collect$$libinit$$00000013)
    __rt_lib_init_lc_monetary_1              0x08000203   Thumb Code     0  libinit2.o(.ARM.Collect$$libinit$$00000015)
    __rt_lib_init_lc_numeric_1               0x08000203   Thumb Code     0  libinit2.o(.ARM.Collect$$libinit$$00000017)
    __rt_lib_init_lc_time_1                  0x08000203   Thumb Code     0  libinit2.o(.ARM.Collect$$libinit$$00000019)
    __rt_lib_init_preinit_1                  0x08000203   Thumb Code     0  libinit2.o(.ARM.Collect$$libinit$$00000004)
    __rt_lib_init_rand_1                     0x08000203   Thumb Code     0  libinit2.o(.ARM.Collect$$libinit$$0000000E)
    __rt_lib_init_return                     0x08000203   Thumb Code     0  libinit2.o(.ARM.Collect$$libinit$$00000033)
    __rt_lib_init_signal_1                   0x08000203   Thumb Code     0  libinit2.o(.ARM.Collect$$libinit$$0000001D)
    __rt_lib_init_stdio_1                    0x08000203   Thumb Code     0  libinit2.o(.ARM.Collect$$libinit$$00000025)
    __rt_lib_init_user_alloc_1               0x08000203   Thumb Code     0  libinit2.o(.ARM.Collect$$libinit$$0000000C)
    __rt_lib_shutdown                        0x08000205   Thumb Code     0  libshutdown.o(.ARM.Collect$$libshutdown$$00000000)
    __rt_lib_shutdown_cpp_1                  0x08000207   Thumb Code     0  libshutdown2.o(.ARM.Collect$$libshutdown$$00000002)
    __rt_lib_shutdown_fp_trap_1              0x08000207   Thumb Code     0  libshutdown2.o(.ARM.Collect$$libshutdown$$00000007)
    __rt_lib_shutdown_heap_1                 0x08000207   Thumb Code     0  libshutdown2.o(.ARM.Collect$$libshutdown$$0000000F)
    __rt_lib_shutdown_return                 0x08000207   Thumb Code     0  libshutdown2.o(.ARM.Collect$$libshutdown$$00000010)
    __rt_lib_shutdown_signal_1               0x08000207   Thumb Code     0  libshutdown2.o(.ARM.Collect$$libshutdown$$0000000A)
    __rt_lib_shutdown_stdio_1                0x08000207   Thumb Code     0  libshutdown2.o(.ARM.Collect$$libshutdown$$00000004)
    __rt_lib_shutdown_user_alloc_1           0x08000207   Thumb Code     0  libshutdown2.o(.ARM.Collect$$libshutdown$$0000000C)
    __rt_entry                               0x08000209   Thumb Code     0  __rtentry.o(.ARM.Collect$$rtentry$$00000000)
    __rt_entry_presh_1                       0x08000209   Thumb Code     0  __rtentry2.o(.ARM.Collect$$rtentry$$00000002)
    __rt_entry_sh                            0x08000209   Thumb Code     0  __rtentry4.o(.ARM.Collect$$rtentry$$00000004)
    __rt_entry_li                            0x0800020f   Thumb Code     0  __rtentry2.o(.ARM.Collect$$rtentry$$0000000A)
    __rt_entry_postsh_1                      0x0800020f   Thumb Code     0  __rtentry2.o(.ARM.Collect$$rtentry$$00000009)
    __rt_entry_main                          0x08000213   Thumb Code     0  __rtentry2.o(.ARM.Collect$$rtentry$$0000000D)
    __rt_entry_postli_1                      0x08000213   Thumb Code     0  __rtentry2.o(.ARM.Collect$$rtentry$$0000000C)
    __rt_exit                                0x0800021b   Thumb Code     0  rtexit.o(.ARM.Collect$$rtexit$$00000000)
    __rt_exit_ls                             0x0800021d   Thumb Code     0  rtexit2.o(.ARM.Collect$$rtexit$$00000003)
    __rt_exit_prels_1                        0x0800021d   Thumb Code     0  rtexit2.o(.ARM.Collect$$rtexit$$00000002)
    __rt_exit_exit                           0x08000221   Thumb Code     0  rtexit2.o(.ARM.Collect$$rtexit$$00000004)
    Reset_Handler                            0x08000229   Thumb Code     8  startup_stm32f40_41xxx.o(.text)
    ADC_IRQHandler                           0x08000243   Thumb Code     0  startup_stm32f40_41xxx.o(.text)
    CAN1_RX0_IRQHandler                      0x08000243   Thumb Code     0  startup_stm32f40_41xxx.o(.text)
    CAN1_RX1_IRQHandler                      0x08000243   Thumb Code     0  startup_stm32f40_41xxx.o(.text)
    CAN1_SCE_IRQHandler                      0x08000243   Thumb Code     0  startup_stm32f40_41xxx.o(.text)
    CAN1_TX_IRQHandler                       0x08000243   Thumb Code     0  startup_stm32f40_41xxx.o(.text)
    CAN2_RX0_IRQHandler                      0x08000243   Thumb Code     0  startup_stm32f40_41xxx.o(.text)
    CAN2_RX1_IRQHandler                      0x08000243   Thumb Code     0  startup_stm32f40_41xxx.o(.text)
    CAN2_SCE_IRQHandler                      0x08000243   Thumb Code     0  startup_stm32f40_41xxx.o(.text)
    CAN2_TX_IRQHandler                       0x08000243   Thumb Code     0  startup_stm32f40_41xxx.o(.text)
    CRYP_IRQHandler                          0x08000243   Thumb Code     0  startup_stm32f40_41xxx.o(.text)
    DCMI_IRQHandler                          0x08000243   Thumb Code     0  startup_stm32f40_41xxx.o(.text)
    DMA1_Stream0_IRQHandler                  0x08000243   Thumb Code     0  startup_stm32f40_41xxx.o(.text)
    DMA1_Stream1_IRQHandler                  0x08000243   Thumb Code     0  startup_stm32f40_41xxx.o(.text)
    DMA1_Stream2_IRQHandler                  0x08000243   Thumb Code     0  startup_stm32f40_41xxx.o(.text)
    DMA1_Stream3_IRQHandler                  0x08000243   Thumb Code     0  startup_stm32f40_41xxx.o(.text)
    DMA1_Stream4_IRQHandler                  0x08000243   Thumb Code     0  startup_stm32f40_41xxx.o(.text)
    DMA1_Stream5_IRQHandler                  0x08000243   Thumb Code     0  startup_stm32f40_41xxx.o(.text)
    DMA1_Stream6_IRQHandler                  0x08000243   Thumb Code     0  startup_stm32f40_41xxx.o(.text)
    DMA1_Stream7_IRQHandler                  0x08000243   Thumb Code     0  startup_stm32f40_41xxx.o(.text)
    DMA2_Stream0_IRQHandler                  0x08000243   Thumb Code     0  startup_stm32f40_41xxx.o(.text)
    DMA2_Stream1_IRQHandler                  0x08000243   Thumb Code     0  startup_stm32f40_41xxx.o(.text)
    DMA2_Stream2_IRQHandler                  0x08000243   Thumb Code     0  startup_stm32f40_41xxx.o(.text)
    DMA2_Stream3_IRQHandler                  0x08000243   Thumb Code     0  startup_stm32f40_41xxx.o(.text)
    DMA2_Stream4_IRQHandler                  0x08000243   Thumb Code     0  startup_stm32f40_41xxx.o(.text)
    DMA2_Stream5_IRQHandler                  0x08000243   Thumb Code     0  startup_stm32f40_41xxx.o(.text)
    DMA2_Stream6_IRQHandler                  0x08000243   Thumb Code     0  startup_stm32f40_41xxx.o(.text)
    DMA2_Stream7_IRQHandler                  0x08000243   Thumb Code     0  startup_stm32f40_41xxx.o(.text)
    ETH_IRQHandler                           0x08000243   Thumb Code     0  startup_stm32f40_41xxx.o(.text)
    ETH_WKUP_IRQHandler                      0x08000243   Thumb Code     0  startup_stm32f40_41xxx.o(.text)
    EXTI0_IRQHandler                         0x08000243   Thumb Code     0  startup_stm32f40_41xxx.o(.text)
    EXTI15_10_IRQHandler                     0x08000243   Thumb Code     0  startup_stm32f40_41xxx.o(.text)
    EXTI1_IRQHandler                         0x08000243   Thumb Code     0  startup_stm32f40_41xxx.o(.text)
    EXTI2_IRQHandler                         0x08000243   Thumb Code     0  startup_stm32f40_41xxx.o(.text)
    EXTI3_IRQHandler                         0x08000243   Thumb Code     0  startup_stm32f40_41xxx.o(.text)
    EXTI4_IRQHandler                         0x08000243   Thumb Code     0  startup_stm32f40_41xxx.o(.text)
    EXTI9_5_IRQHandler                       0x08000243   Thumb Code     0  startup_stm32f40_41xxx.o(.text)
    FLASH_IRQHandler                         0x08000243   Thumb Code     0  startup_stm32f40_41xxx.o(.text)
    FPU_IRQHandler                           0x08000243   Thumb Code     0  startup_stm32f40_41xxx.o(.text)
    FSMC_IRQHandler                          0x08000243   Thumb Code     0  startup_stm32f40_41xxx.o(.text)
    HASH_RNG_IRQHandler                      0x08000243   Thumb Code     0  startup_stm32f40_41xxx.o(.text)
    I2C1_ER_IRQHandler                       0x08000243   Thumb Code     0  startup_stm32f40_41xxx.o(.text)
    I2C1_EV_IRQHandler                       0x08000243   Thumb Code     0  startup_stm32f40_41xxx.o(.text)
    I2C2_ER_IRQHandler                       0x08000243   Thumb Code     0  startup_stm32f40_41xxx.o(.text)
    I2C2_EV_IRQHandler                       0x08000243   Thumb Code     0  startup_stm32f40_41xxx.o(.text)
    I2C3_ER_IRQHandler                       0x08000243   Thumb Code     0  startup_stm32f40_41xxx.o(.text)
    I2C3_EV_IRQHandler                       0x08000243   Thumb Code     0  startup_stm32f40_41xxx.o(.text)
    OTG_FS_IRQHandler                        0x08000243   Thumb Code     0  startup_stm32f40_41xxx.o(.text)
    OTG_FS_WKUP_IRQHandler                   0x08000243   Thumb Code     0  startup_stm32f40_41xxx.o(.text)
    OTG_HS_EP1_IN_IRQHandler                 0x08000243   Thumb Code     0  startup_stm32f40_41xxx.o(.text)
    OTG_HS_EP1_OUT_IRQHandler                0x08000243   Thumb Code     0  startup_stm32f40_41xxx.o(.text)
    OTG_HS_IRQHandler                        0x08000243   Thumb Code     0  startup_stm32f40_41xxx.o(.text)
    OTG_HS_WKUP_IRQHandler                   0x08000243   Thumb Code     0  startup_stm32f40_41xxx.o(.text)
    PVD_IRQHandler                           0x08000243   Thumb Code     0  startup_stm32f40_41xxx.o(.text)
    RCC_IRQHandler                           0x08000243   Thumb Code     0  startup_stm32f40_41xxx.o(.text)
    RTC_Alarm_IRQHandler                     0x08000243   Thumb Code     0  startup_stm32f40_41xxx.o(.text)
    RTC_WKUP_IRQHandler                      0x08000243   Thumb Code     0  startup_stm32f40_41xxx.o(.text)
    SDIO_IRQHandler                          0x08000243   Thumb Code     0  startup_stm32f40_41xxx.o(.text)
    SPI1_IRQHandler                          0x08000243   Thumb Code     0  startup_stm32f40_41xxx.o(.text)
    SPI2_IRQHandler                          0x08000243   Thumb Code     0  startup_stm32f40_41xxx.o(.text)
    SPI3_IRQHandler                          0x08000243   Thumb Code     0  startup_stm32f40_41xxx.o(.text)
    TAMP_STAMP_IRQHandler                    0x08000243   Thumb Code     0  startup_stm32f40_41xxx.o(.text)
    TIM1_CC_IRQHandler                       0x08000243   Thumb Code     0  startup_stm32f40_41xxx.o(.text)
    TIM1_TRG_COM_TIM11_IRQHandler            0x08000243   Thumb Code     0  startup_stm32f40_41xxx.o(.text)
    TIM1_UP_TIM10_IRQHandler                 0x08000243   Thumb Code     0  startup_stm32f40_41xxx.o(.text)
    TIM8_BRK_TIM12_IRQHandler                0x08000243   Thumb Code     0  startup_stm32f40_41xxx.o(.text)
    TIM8_CC_IRQHandler                       0x08000243   Thumb Code     0  startup_stm32f40_41xxx.o(.text)
    TIM8_TRG_COM_TIM14_IRQHandler            0x08000243   Thumb Code     0  startup_stm32f40_41xxx.o(.text)
    TIM8_UP_TIM13_IRQHandler                 0x08000243   Thumb Code     0  startup_stm32f40_41xxx.o(.text)
    UART4_IRQHandler                         0x08000243   Thumb Code     0  startup_stm32f40_41xxx.o(.text)
    UART5_IRQHandler                         0x08000243   Thumb Code     0  startup_stm32f40_41xxx.o(.text)
    USART6_IRQHandler                        0x08000243   Thumb Code     0  startup_stm32f40_41xxx.o(.text)
    WWDG_IRQHandler                          0x08000243   Thumb Code     0  startup_stm32f40_41xxx.o(.text)
    __user_initial_stackheap                 0x08000245   Thumb Code     0  startup_stm32f40_41xxx.o(.text)
    strlen                                   0x08000269   Thumb Code    62  strlen.o(.text)
    __aeabi_memclr                           0x080002a7   Thumb Code     0  rt_memclr.o(.text)
    __rt_memclr                              0x080002a7   Thumb Code    68  rt_memclr.o(.text)
    _memset                                  0x080002ab   Thumb Code     0  rt_memclr.o(.text)
    __use_two_region_memory                  0x080002eb   Thumb Code     2  heapauxi.o(.text)
    __rt_heap_escrow$2region                 0x080002ed   Thumb Code     2  heapauxi.o(.text)
    __rt_heap_expand$2region                 0x080002ef   Thumb Code     2  heapauxi.o(.text)
    __aeabi_memclr4                          0x080002f1   Thumb Code     0  rt_memclr_w.o(.text)
    __aeabi_memclr8                          0x080002f1   Thumb Code     0  rt_memclr_w.o(.text)
    __rt_memclr_w                            0x080002f1   Thumb Code    78  rt_memclr_w.o(.text)
    _memset_w                                0x080002f5   Thumb Code     0  rt_memclr_w.o(.text)
    __user_setup_stackheap                   0x0800033f   Thumb Code    74  sys_stackheap_outer.o(.text)
    exit                                     0x08000389   Thumb Code    18  exit.o(.text)
    __user_libspace                          0x0800039d   Thumb Code     8  libspace.o(.text)
    __user_perproc_libspace                  0x0800039d   Thumb Code     0  libspace.o(.text)
    __user_perthread_libspace                0x0800039d   Thumb Code     0  libspace.o(.text)
    _sys_exit                                0x080003a5   Thumb Code     8  sys_exit.o(.text)
    __I$use$semihosting                      0x080003b1   Thumb Code     0  use_no_semi.o(.text)
    __use_no_semihosting_swi                 0x080003b1   Thumb Code     2  use_no_semi.o(.text)
    BusFault_Handler                         0x080003b3   Thumb Code     2  stm32f4xx_it.o(i.BusFault_Handler)
    __semihosting_library_function           0x080003b3   Thumb Code     0  indicate_semi.o(.text)
    DebugMon_Handler                         0x080003b5   Thumb Code     2  stm32f4xx_it.o(i.DebugMon_Handler)
    GPIO_Init                                0x080003b7   Thumb Code   120  stm32f4xx_gpio.o(i.GPIO_Init)
    GPIO_PinAFConfig                         0x0800042f   Thumb Code    32  stm32f4xx_gpio.o(i.GPIO_PinAFConfig)
    GPIO_PinMode                             0x0800044f   Thumb Code    64  iomanager.o(i.GPIO_PinMode)
    GPIO_ReadOutputDataBit                   0x0800048f   Thumb Code    14  stm32f4xx_gpio.o(i.GPIO_ReadOutputDataBit)
    GPIO_ResetBits                           0x0800049d   Thumb Code     4  stm32f4xx_gpio.o(i.GPIO_ResetBits)
    GPIO_WriteBit                            0x080004a1   Thumb Code    10  stm32f4xx_gpio.o(i.GPIO_WriteBit)
    HardFault_Handler                        0x080004ab   Thumb Code     2  stm32f4xx_it.o(i.HardFault_Handler)
    MemManage_Handler                        0x080004ad   Thumb Code     2  stm32f4xx_it.o(i.MemManage_Handler)
    Movebase_CONTROL_DoEvents                0x080004b1   Thumb Code   144  movebase_control.o(i.Movebase_CONTROL_DoEvents)
    Movebase_CONTROL_PID_A                   0x08000555   Thumb Code    86  movebase_control.o(i.Movebase_CONTROL_PID_A)
    Movebase_CONTROL_PID_B                   0x080005b1   Thumb Code    86  movebase_control.o(i.Movebase_CONTROL_PID_B)
    Movebase_CONTROL_PID_C                   0x0800060d   Thumb Code    86  movebase_control.o(i.Movebase_CONTROL_PID_C)
    Movebase_CONTROL_PID_D                   0x08000669   Thumb Code    86  movebase_control.o(i.Movebase_CONTROL_PID_D)
    Movebase_CONTROL_SetPI                   0x080006c5   Thumb Code    12  movebase_control.o(i.Movebase_CONTROL_SetPI)
    Movebase_CONTROL_SetSpeed                0x080006d5   Thumb Code   116  movebase_control.o(i.Movebase_CONTROL_SetSpeed)
    Movebase_CONTROL_TimerInit               0x08000755   Thumb Code   112  movebase_control.o(i.Movebase_CONTROL_TimerInit)
    Movebase_DEBUGLED_Init                   0x080007cd   Thumb Code    26  movebase_debugled.o(i.Movebase_DEBUGLED_Init)
    Movebase_DEBUGLED_Rotate                 0x080007ed   Thumb Code    62  movebase_debugled.o(i.Movebase_DEBUGLED_Rotate)
    Movebase_ENCODER_GetData                 0x08000835   Thumb Code    54  movebase_encoder.o(i.Movebase_ENCODER_GetData)
    Movebase_ENCODER_Init                    0x08000879   Thumb Code   610  movebase_encoder.o(i.Movebase_ENCODER_Init)
    Movebase_KINEMATIC_CalcMotorSpeed        0x08000aed   Thumb Code   100  movebase_kinematic.o(i.Movebase_KINEMATIC_CalcMotorSpeed)
    Movebase_KINEMATIC_SetTargetSpeed        0x08000b55   Thumb Code    10  movebase_kinematic.o(i.Movebase_KINEMATIC_SetTargetSpeed)
    Movebase_KINEMATIC_SetVechicleSize       0x08000b65   Thumb Code    12  movebase_kinematic.o(i.Movebase_KINEMATIC_SetVechicleSize)
    Movebase_MOTOR_Init                      0x08000b75   Thumb Code    52  movebase_motor.o(i.Movebase_MOTOR_Init)
    Movebase_MOTOR_PWM_Init                  0x08000bad   Thumb Code   252  movebase_motor.o(i.Movebase_MOTOR_PWM_Init)
    Movebase_MOTOR_SetPWM                    0x08000cb5   Thumb Code   224  movebase_motor.o(i.Movebase_MOTOR_SetPWM)
    NMI_Handler                              0x08000d9d   Thumb Code     2  stm32f4xx_it.o(i.NMI_Handler)
    NVIC_Init                                0x08000da1   Thumb Code    96  misc.o(i.NVIC_Init)
    NVIC_PriorityGroupConfig                 0x08000e05   Thumb Code    10  misc.o(i.NVIC_PriorityGroupConfig)
    PendSV_Handler                           0x08000e19   Thumb Code     2  stm32f4xx_it.o(i.PendSV_Handler)
    Pulley_SERVO_Init                        0x08000e1d   Thumb Code    12  pulley_servo.o(i.Pulley_SERVO_Init)
    Pulley_SERVO_Write                       0x08000e2d   Thumb Code   108  pulley_servo.o(i.Pulley_SERVO_Write)
    Pulley_STEPPER_GetCurrentHeight          0x08000ead   Thumb Code    28  pulley_stepper.o(i.Pulley_STEPPER_GetCurrentHeight)
    Pulley_STEPPER_Init                      0x08000ed1   Thumb Code    54  pulley_stepper.o(i.Pulley_STEPPER_Init)
    Pulley_STEPPER_SetHeight                 0x08000f11   Thumb Code    46  pulley_stepper.o(i.Pulley_STEPPER_SetHeight)
    Pulley_STEPPER_TimerInit                 0x08000f49   Thumb Code    98  pulley_stepper.o(i.Pulley_STEPPER_TimerInit)
    Pulley_VEHICLE_C_HookRotate              0x08000fb1   Thumb Code    22  pulley_vehicle.o(i.Pulley_VEHICLE_C_HookRotate)
    Pulley_VEHICLE_Init                      0x08000fcd   Thumb Code   436  pulley_vehicle.o(i.Pulley_VEHICLE_Init)
    Pulley_VEHICLE_Run                       0x08001195   Thumb Code  1284  pulley_vehicle.o(i.Pulley_VEHICLE_Run)
    RCC_AHB1PeriphClockCmd                   0x08001699   Thumb Code    18  stm32f4xx_rcc.o(i.RCC_AHB1PeriphClockCmd)
    RCC_APB1PeriphClockCmd                   0x080016b1   Thumb Code    18  stm32f4xx_rcc.o(i.RCC_APB1PeriphClockCmd)
    RCC_APB2PeriphClockCmd                   0x080016c9   Thumb Code    18  stm32f4xx_rcc.o(i.RCC_APB2PeriphClockCmd)
    RCC_GetClocksFreq                        0x080016e1   Thumb Code   132  stm32f4xx_rcc.o(i.RCC_GetClocksFreq)
    Remote_CONTROL_Init                      0x08001771   Thumb Code    74  remote_control.o(i.Remote_CONTROL_Init)
    Remote_CONTROL_Reporter_Init             0x080017c5   Thumb Code   108  remote_control.o(i.Remote_CONTROL_Reporter_Init)
    Remote_RADIO_FullRecieved                0x08001835   Thumb Code    82  remote_radio.o(i.Remote_RADIO_FullRecieved)
    Remote_RADIO_HasReaded                   0x08001891   Thumb Code     8  remote_radio.o(i.Remote_RADIO_HasReaded)
    Remote_RADIO_Init                        0x0800189d   Thumb Code   110  remote_radio.o(i.Remote_RADIO_Init)
    Remote_RADIO_Send                        0x08001919   Thumb Code    10  remote_radio.o(i.Remote_RADIO_Send)
    Remote_RADIO_SendFloat                   0x08001929   Thumb Code     8  remote_radio.o(i.Remote_RADIO_SendFloat)
    Remote_RADIO_SendInt                     0x08001935   Thumb Code    10  remote_radio.o(i.Remote_RADIO_SendInt)
    Remote_USART1_Avaialable                 0x08001945   Thumb Code    12  remote_usart.o(i.Remote_USART1_Avaialable)
    Remote_USART1_Init                       0x08001955   Thumb Code   178  remote_usart.o(i.Remote_USART1_Init)
    Remote_USART1_ReadByte                   0x08001a19   Thumb Code    38  remote_usart.o(i.Remote_USART1_ReadByte)
    Remote_USART1_Send                       0x08001a49   Thumb Code    64  remote_usart.o(i.Remote_USART1_Send)
    Remote_USART1_SendFloat                  0x08001a8d   Thumb Code    70  remote_usart.o(i.Remote_USART1_SendFloat)
    Remote_USART1_SendInt                    0x08001add   Thumb Code   112  remote_usart.o(i.Remote_USART1_SendInt)
    Remote_USART2_Avaialable                 0x08001b4d   Thumb Code    12  remote_usart.o(i.Remote_USART2_Avaialable)
    Remote_USART2_Init                       0x08001b5d   Thumb Code   178  remote_usart.o(i.Remote_USART2_Init)
    Remote_USART2_ReadByte                   0x08001c21   Thumb Code    38  remote_usart.o(i.Remote_USART2_ReadByte)
    Remote_USART2_Send                       0x08001c51   Thumb Code    64  remote_usart.o(i.Remote_USART2_Send)
    Remote_USART2_SendFloat                  0x08001c95   Thumb Code    70  remote_usart.o(i.Remote_USART2_SendFloat)
    Remote_USART2_SendInt                    0x08001ce5   Thumb Code   112  remote_usart.o(i.Remote_USART2_SendInt)
    Remote_USART3_Avaialable                 0x08001d55   Thumb Code    12  remote_usart.o(i.Remote_USART3_Avaialable)
    Remote_USART3_Init                       0x08001d65   Thumb Code   178  remote_usart.o(i.Remote_USART3_Init)
    Remote_USART3_ReadByte                   0x08001e29   Thumb Code    38  remote_usart.o(i.Remote_USART3_ReadByte)
    Remote_USART3_Send                       0x08001e59   Thumb Code    64  remote_usart.o(i.Remote_USART3_Send)
    Remote_USART3_SendFloat                  0x08001e9d   Thumb Code    70  remote_usart.o(i.Remote_USART3_SendFloat)
    Remote_USART3_SendInt                    0x08001eed   Thumb Code   112  remote_usart.o(i.Remote_USART3_SendInt)
    Remote_USART_Avaialable                  0x08001f5d   Thumb Code    30  remote_usart.o(i.Remote_USART_Avaialable)
    Remote_USART_Init                        0x08001f7b   Thumb Code    32  remote_usart.o(i.Remote_USART_Init)
    Remote_USART_ReadByte                    0x08001f9b   Thumb Code    30  remote_usart.o(i.Remote_USART_ReadByte)
    Remote_USART_Send                        0x08001fb9   Thumb Code    32  remote_usart.o(i.Remote_USART_Send)
    Remote_USART_SendFloat                   0x08001fd9   Thumb Code    26  remote_usart.o(i.Remote_USART_SendFloat)
    Remote_USART_SendInt                     0x08001ff3   Thumb Code    32  remote_usart.o(i.Remote_USART_SendInt)
    Remote_USART_Write                       0x08002013   Thumb Code    48  remote_usart.o(i.Remote_USART_Write)
    SVC_Handler                              0x08002043   Thumb Code     2  stm32f4xx_it.o(i.SVC_Handler)
    Str2Float                                0x080020f9   Thumb Code   100  stdfunctions.o(i.Str2Float)
    Str2Int                                  0x08002161   Thumb Code    48  stdfunctions.o(i.Str2Int)
    SysTick_CLKSourceConfig                  0x08002191   Thumb Code    24  misc.o(i.SysTick_CLKSourceConfig)
    SysTick_Handler                          0x080021a9   Thumb Code     2  stm32f4xx_it.o(i.SysTick_Handler)
    SystemInit                               0x080021ad   Thumb Code    74  system_stm32f4xx.o(i.SystemInit)
    TIM1_BRK_TIM9_IRQHandler                 0x0800226d   Thumb Code   156  remote_control.o(i.TIM1_BRK_TIM9_IRQHandler)
    TIM2_IRQHandler                          0x08002335   Thumb Code     8  movebase_encoder.o(i.TIM2_IRQHandler)
    TIM3_IRQHandler                          0x0800233d   Thumb Code     8  movebase_encoder.o(i.TIM3_IRQHandler)
    TIM4_IRQHandler                          0x08002349   Thumb Code     8  movebase_encoder.o(i.TIM4_IRQHandler)
    TIM5_IRQHandler                          0x08002355   Thumb Code     8  movebase_encoder.o(i.TIM5_IRQHandler)
    TIM6_DAC_IRQHandler                      0x08002361   Thumb Code    34  movebase_control.o(i.TIM6_DAC_IRQHandler)
    TIM7_IRQHandler                          0x08002389   Thumb Code   106  pulley_stepper.o(i.TIM7_IRQHandler)
    TIM_ARRPreloadConfig                     0x08002401   Thumb Code    20  stm32f4xx_tim.o(i.TIM_ARRPreloadConfig)
    TIM_ClearFlag                            0x08002415   Thumb Code     6  stm32f4xx_tim.o(i.TIM_ClearFlag)
    TIM_ClearITPendingBit                    0x0800241b   Thumb Code     6  stm32f4xx_tim.o(i.TIM_ClearITPendingBit)
    TIM_Cmd                                  0x08002421   Thumb Code    20  stm32f4xx_tim.o(i.TIM_Cmd)
    TIM_CtrlPWMOutputs                       0x08002435   Thumb Code    22  stm32f4xx_tim.o(i.TIM_CtrlPWMOutputs)
    TIM_EncoderInterfaceConfig               0x0800244b   Thumb Code    50  stm32f4xx_tim.o(i.TIM_EncoderInterfaceConfig)
    TIM_GetITStatus                          0x0800247d   Thumb Code    24  stm32f4xx_tim.o(i.TIM_GetITStatus)
    TIM_ICInit                               0x08002495   Thumb Code   172  stm32f4xx_tim.o(i.TIM_ICInit)
    TIM_ICStructInit                         0x08002541   Thumb Code    16  stm32f4xx_tim.o(i.TIM_ICStructInit)
    TIM_ITConfig                             0x08002551   Thumb Code    16  stm32f4xx_tim.o(i.TIM_ITConfig)
    TIM_OC1Init                              0x08002561   Thumb Code    88  stm32f4xx_tim.o(i.TIM_OC1Init)
    TIM_OC1PreloadConfig                     0x080025c1   Thumb Code    12  stm32f4xx_tim.o(i.TIM_OC1PreloadConfig)
    TIM_OC2Init                              0x080025cd   Thumb Code   120  stm32f4xx_tim.o(i.TIM_OC2Init)
    TIM_OC2PreloadConfig                     0x0800264d   Thumb Code    20  stm32f4xx_tim.o(i.TIM_OC2PreloadConfig)
    TIM_OC3Init                              0x08002661   Thumb Code   116  stm32f4xx_tim.o(i.TIM_OC3Init)
    TIM_OC3PreloadConfig                     0x080026dd   Thumb Code    12  stm32f4xx_tim.o(i.TIM_OC3PreloadConfig)
    TIM_OC4Init                              0x080026e9   Thumb Code    88  stm32f4xx_tim.o(i.TIM_OC4Init)
    TIM_OC4PreloadConfig                     0x08002749   Thumb Code    20  stm32f4xx_tim.o(i.TIM_OC4PreloadConfig)
    TIM_SetCounter                           0x0800275d   Thumb Code     4  stm32f4xx_tim.o(i.TIM_SetCounter)
    TIM_SetIC1Prescaler                      0x08002761   Thumb Code    16  stm32f4xx_tim.o(i.TIM_SetIC1Prescaler)
    TIM_SetIC2Prescaler                      0x08002771   Thumb Code    24  stm32f4xx_tim.o(i.TIM_SetIC2Prescaler)
    TIM_SetIC3Prescaler                      0x08002789   Thumb Code    16  stm32f4xx_tim.o(i.TIM_SetIC3Prescaler)
    TIM_SetIC4Prescaler                      0x08002799   Thumb Code    24  stm32f4xx_tim.o(i.TIM_SetIC4Prescaler)
    TIM_TimeBaseInit                         0x080027b1   Thumb Code    96  stm32f4xx_tim.o(i.TIM_TimeBaseInit)
    TIM_TimeBaseStructInit                   0x0800282d   Thumb Code    18  stm32f4xx_tim.o(i.TIM_TimeBaseStructInit)
    USART1_IRQHandler                        0x08002841   Thumb Code    96  remote_usart.o(i.USART1_IRQHandler)
    USART2_IRQHandler                        0x080028ad   Thumb Code    96  remote_usart.o(i.USART2_IRQHandler)
    USART3_IRQHandler                        0x08002919   Thumb Code    96  remote_usart.o(i.USART3_IRQHandler)
    USART_ClearFlag                          0x08002985   Thumb Code     6  stm32f4xx_usart.o(i.USART_ClearFlag)
    USART_ClearITPendingBit                  0x0800298b   Thumb Code    12  stm32f4xx_usart.o(i.USART_ClearITPendingBit)
    USART_Cmd                                0x08002997   Thumb Code    20  stm32f4xx_usart.o(i.USART_Cmd)
    USART_GetFlagStatus                      0x080029ab   Thumb Code    14  stm32f4xx_usart.o(i.USART_GetFlagStatus)
    USART_GetITStatus                        0x080029b9   Thumb Code    62  stm32f4xx_usart.o(i.USART_GetITStatus)
    USART_ITConfig                           0x080029f7   Thumb Code    48  stm32f4xx_usart.o(i.USART_ITConfig)
    USART_Init                               0x08002a29   Thumb Code   164  stm32f4xx_usart.o(i.USART_Init)
    USART_ReceiveData                        0x08002ad5   Thumb Code     8  stm32f4xx_usart.o(i.USART_ReceiveData)
    USART_SendData                           0x08002add   Thumb Code     8  stm32f4xx_usart.o(i.USART_SendData)
    UsageFault_Handler                       0x08002ae5   Thumb Code     2  stm32f4xx_it.o(i.UsageFault_Handler)
    delay_init                               0x08002ae9   Thumb Code    38  delay.o(i.delay_init)
    delay_ms                                 0x08002b15   Thumb Code    52  delay.o(i.delay_ms)
    delay_xms                                0x08002b49   Thumb Code    46  delay.o(i.delay_xms)
    main                                     0x08002b7d   Thumb Code   200  crane.o(i.main)
    __aeabi_d2f                              0x08002c55   Thumb Code     0  d2f.o(x$fpl$d2f)
    _d2f                                     0x08002c55   Thumb Code    98  d2f.o(x$fpl$d2f)
    __aeabi_dadd                             0x08002cb9   Thumb Code     0  daddsub_clz.o(x$fpl$dadd)
    _dadd                                    0x08002cb9   Thumb Code   332  daddsub_clz.o(x$fpl$dadd)
    __aeabi_d2iz                             0x08002e09   Thumb Code     0  dfix.o(x$fpl$dfix)
    _dfix                                    0x08002e09   Thumb Code    94  dfix.o(x$fpl$dfix)
    __aeabi_i2d                              0x08002e67   Thumb Code     0  dflt_clz.o(x$fpl$dflt)
    _dflt                                    0x08002e67   Thumb Code    46  dflt_clz.o(x$fpl$dflt)
    __aeabi_ui2d                             0x08002e95   Thumb Code     0  dflt_clz.o(x$fpl$dfltu)
    _dfltu                                   0x08002e95   Thumb Code    38  dflt_clz.o(x$fpl$dfltu)
    __aeabi_dmul                             0x08002ebd   Thumb Code     0  dmul.o(x$fpl$dmul)
    _dmul                                    0x08002ebd   Thumb Code   332  dmul.o(x$fpl$dmul)
    __fpl_dnaninf                            0x08003011   Thumb Code   156  dnaninf.o(x$fpl$dnaninf)
    __fpl_dretinf                            0x080030ad   Thumb Code    12  dretinf.o(x$fpl$dretinf)
    __aeabi_dsub                             0x080030b9   Thumb Code     0  daddsub_clz.o(x$fpl$dsub)
    _dsub                                    0x080030b9   Thumb Code   464  daddsub_clz.o(x$fpl$dsub)
    _fp_init                                 0x0800328d   Thumb Code    10  fpinit.o(x$fpl$fpinit)
    __fplib_config_fpu_vfp                   0x08003295   Thumb Code     0  fpinit.o(x$fpl$fpinit)
    __fplib_config_pureend_doubles           0x08003295   Thumb Code     0  fpinit.o(x$fpl$fpinit)
    __fpl_fretinf                            0x08003297   Thumb Code    10  fretinf.o(x$fpl$fretinf)
    Region$$Table$$Base                      0x080032a0   Number         0  anon$$obj.o(Region$$Table)
    __I$use$fp                               0x080032a0   Number         0  usenofp.o(x$fpl$usenofp)
    Region$$Table$$Limit                     0x080032c0   Number         0  anon$$obj.o(Region$$Table)
    lastHookRotate                           0x20000000   Data           1  crane.o(.data)
    RX1_BUFFER_FRONT                         0x20000016   Data           2  remote_usart.o(.data)
    RX1_BUFFER_TAIL                          0x20000018   Data           2  remote_usart.o(.data)
    RX1_BUFFER_SIZE                          0x2000001a   Data           2  remote_usart.o(.data)
    RX2_BUFFER_FRONT                         0x2000001c   Data           2  remote_usart.o(.data)
    RX2_BUFFER_TAIL                          0x2000001e   Data           2  remote_usart.o(.data)
    RX2_BUFFER_SIZE                          0x20000020   Data           2  remote_usart.o(.data)
    RX3_BUFFER_FRONT                         0x20000022   Data           2  remote_usart.o(.data)
    RX3_BUFFER_TAIL                          0x20000024   Data           2  remote_usart.o(.data)
    RX3_BUFFER_SIZE                          0x20000026   Data           2  remote_usart.o(.data)
    Remote_RADIO_USARTx                      0x20000028   Data           1  remote_radio.o(.data)
    Remote_RADIO_packSize                    0x2000002c   Data           4  remote_radio.o(.data)
    Movebase_KINEMATIC_MotorA_Value          0x20000030   Data           4  movebase_kinematic.o(.data)
    Movebase_KINEMATIC_MotorB_Value          0x20000034   Data           4  movebase_kinematic.o(.data)
    Movebase_KINEMATIC_MotorC_Value          0x20000038   Data           4  movebase_kinematic.o(.data)
    Movebase_KINEMATIC_MotorD_Value          0x2000003c   Data           4  movebase_kinematic.o(.data)
    Movebase_KINEMATIC_Vx                    0x20000040   Data           4  movebase_kinematic.o(.data)
    Movebase_KINEMATIC_Vy                    0x20000044   Data           4  movebase_kinematic.o(.data)
    Movebase_KINEMATIC_Rw                    0x20000048   Data           4  movebase_kinematic.o(.data)
    Movebase_KINEMATIC_Length_A              0x2000004c   Data           4  movebase_kinematic.o(.data)
    Movebase_KINEMATIC_Length_B              0x20000050   Data           4  movebase_kinematic.o(.data)
    Movebase_CONTROL_ControlInv              0x20000054   Data           4  movebase_control.o(.data)
    Movebase_CONTROL_MotorA_Speed            0x20000058   Data           4  movebase_control.o(.data)
    Movebase_CONTROL_MotorB_Speed            0x2000005c   Data           4  movebase_control.o(.data)
    Movebase_CONTROL_MotorC_Speed            0x20000060   Data           4  movebase_control.o(.data)
    Movebase_CONTROL_MotorD_Speed            0x20000064   Data           4  movebase_control.o(.data)
    Movebase_CONTROL_MotorA_Speed_DEBUG      0x20000068   Data           4  movebase_control.o(.data)
    Movebase_CONTROL_MotorB_Speed_DEBUG      0x2000006c   Data           4  movebase_control.o(.data)
    Movebase_CONTROL_MotorC_Speed_DEBUG      0x20000070   Data           4  movebase_control.o(.data)
    Movebase_CONTROL_MotorD_Speed_DEBUG      0x20000074   Data           4  movebase_control.o(.data)
    Movebase_CONTROL_PID_KP                  0x20000078   Data           4  movebase_control.o(.data)
    Movebase_CONTROL_PID_KI                  0x2000007c   Data           4  movebase_control.o(.data)
    Pulley_SERVO_Start                       0x200000b0   Data           1  pulley_servo.o(.data)
    Pulley_SERVO_Config                      0x200000b1   Data           1  pulley_servo.o(.data)
    Pulley_SERVO_USARTx                      0x200000b2   Data           1  pulley_servo.o(.data)
    Pulley_SERVO_Angle                       0x200000b3   Data           1  pulley_servo.o(.data)
    Movebase_DEBUGLED_State                  0x200000b4   Data           1  movebase_debugled.o(.data)
    Pulley_STEPPER_TargetHeight              0x200000b8   Data           4  pulley_stepper.o(.data)
    Pulley_STEPPER_CurrentHeight             0x200000bc   Data           4  pulley_stepper.o(.data)
    Pulley_VEHICLE_A_State                   0x200000c4   Data           1  pulley_vehicle.o(.data)
    Pulley_VEHICLE_B_State                   0x200000c5   Data           1  pulley_vehicle.o(.data)
    Pulley_VEHICLE_C_State                   0x200000c6   Data           1  pulley_vehicle.o(.data)
    Pulley_VEHICLE_A_ServoAngle              0x200000c7   Data           1  pulley_vehicle.o(.data)
    Pulley_VEHICLE_B_ServoAngle              0x200000c8   Data           1  pulley_vehicle.o(.data)
    Pulley_VEHICLE_C_Servo_1_Angle           0x200000c9   Data           1  pulley_vehicle.o(.data)
    Pulley_VEHICLE_C_Servo_2_Angle           0x200000ca   Data           1  pulley_vehicle.o(.data)
    controlValue                             0x200000cc   Data          40  crane.o(.bss)
    controlValueFloat                        0x200000f4   Data          40  crane.o(.bss)
    RX1_BUFFER                               0x2000011c   Data        1024  remote_usart.o(.bss)
    RX2_BUFFER                               0x2000051c   Data        1024  remote_usart.o(.bss)
    RX3_BUFFER                               0x2000091c   Data        1024  remote_usart.o(.bss)
    Remote_RADIO_radioRecieved               0x20000d1c   Data        1024  remote_radio.o(.bss)
    __libspace_start                         0x2000111c   Data          96  libspace.o(.bss)
    __temporary_stack_top$libspace           0x2000117c   Data           0  libspace.o(.bss)



==============================================================================

Memory Map of the image

  Image Entry point : 0x08000189

  Load Region LR_IROM1 (Base: 0x08000000, Size: 0x0000338c, Max: 0x00100000, ABSOLUTE)

    Execution Region ER_IROM1 (Exec base: 0x08000000, Load base: 0x08000000, Size: 0x000032c0, Max: 0x00100000, ABSOLUTE)

    Exec Addr    Load Addr    Size         Type   Attr      Idx    E Section Name        Object

    0x08000000   0x08000000   0x00000188   Data   RO          332    RESET               startup_stm32f40_41xxx.o
    0x08000188   0x08000188   0x00000008   Code   RO         5829  * !!!main             c_w.l(__main.o)
    0x08000190   0x08000190   0x00000034   Code   RO         6015    !!!scatter          c_w.l(__scatter.o)
    0x080001c4   0x080001c4   0x0000001a   Code   RO         6017    !!handler_copy      c_w.l(__scatter_copy.o)
    0x080001de   0x080001de   0x00000002   PAD
    0x080001e0   0x080001e0   0x0000001c   Code   RO         6019    !!handler_zi        c_w.l(__scatter_zi.o)
    0x080001fc   0x080001fc   0x00000002   Code   RO         5885    .ARM.Collect$$libinit$$00000000  c_w.l(libinit.o)
    0x080001fe   0x080001fe   0x00000004   Code   RO         5891    .ARM.Collect$$libinit$$00000001  c_w.l(libinit2.o)
    0x08000202   0x08000202   0x00000000   Code   RO         5894    .ARM.Collect$$libinit$$00000004  c_w.l(libinit2.o)
    0x08000202   0x08000202   0x00000000   Code   RO         5897    .ARM.Collect$$libinit$$0000000A  c_w.l(libinit2.o)
    0x08000202   0x08000202   0x00000000   Code   RO         5899    .ARM.Collect$$libinit$$0000000C  c_w.l(libinit2.o)
    0x08000202   0x08000202   0x00000000   Code   RO         5901    .ARM.Collect$$libinit$$0000000E  c_w.l(libinit2.o)
    0x08000202   0x08000202   0x00000000   Code   RO         5904    .ARM.Collect$$libinit$$00000011  c_w.l(libinit2.o)
    0x08000202   0x08000202   0x00000000   Code   RO         5906    .ARM.Collect$$libinit$$00000013  c_w.l(libinit2.o)
    0x08000202   0x08000202   0x00000000   Code   RO         5908    .ARM.Collect$$libinit$$00000015  c_w.l(libinit2.o)
    0x08000202   0x08000202   0x00000000   Code   RO         5910    .ARM.Collect$$libinit$$00000017  c_w.l(libinit2.o)
    0x08000202   0x08000202   0x00000000   Code   RO         5912    .ARM.Collect$$libinit$$00000019  c_w.l(libinit2.o)
    0x08000202   0x08000202   0x00000000   Code   RO         5914    .ARM.Collect$$libinit$$0000001B  c_w.l(libinit2.o)
    0x08000202   0x08000202   0x00000000   Code   RO         5916    .ARM.Collect$$libinit$$0000001D  c_w.l(libinit2.o)
    0x08000202   0x08000202   0x00000000   Code   RO         5918    .ARM.Collect$$libinit$$0000001F  c_w.l(libinit2.o)
    0x08000202   0x08000202   0x00000000   Code   RO         5920    .ARM.Collect$$libinit$$00000021  c_w.l(libinit2.o)
    0x08000202   0x08000202   0x00000000   Code   RO         5922    .ARM.Collect$$libinit$$00000023  c_w.l(libinit2.o)
    0x08000202   0x08000202   0x00000000   Code   RO         5924    .ARM.Collect$$libinit$$00000025  c_w.l(libinit2.o)
    0x08000202   0x08000202   0x00000000   Code   RO         5928    .ARM.Collect$$libinit$$0000002C  c_w.l(libinit2.o)
    0x08000202   0x08000202   0x00000000   Code   RO         5930    .ARM.Collect$$libinit$$0000002E  c_w.l(libinit2.o)
    0x08000202   0x08000202   0x00000000   Code   RO         5932    .ARM.Collect$$libinit$$00000030  c_w.l(libinit2.o)
    0x08000202   0x08000202   0x00000000   Code   RO         5934    .ARM.Collect$$libinit$$00000032  c_w.l(libinit2.o)
    0x08000202   0x08000202   0x00000002   Code   RO         5935    .ARM.Collect$$libinit$$00000033  c_w.l(libinit2.o)
    0x08000204   0x08000204   0x00000002   Code   RO         5955    .ARM.Collect$$libshutdown$$00000000  c_w.l(libshutdown.o)
    0x08000206   0x08000206   0x00000000   Code   RO         5968    .ARM.Collect$$libshutdown$$00000002  c_w.l(libshutdown2.o)
    0x08000206   0x08000206   0x00000000   Code   RO         5970    .ARM.Collect$$libshutdown$$00000004  c_w.l(libshutdown2.o)
    0x08000206   0x08000206   0x00000000   Code   RO         5973    .ARM.Collect$$libshutdown$$00000007  c_w.l(libshutdown2.o)
    0x08000206   0x08000206   0x00000000   Code   RO         5976    .ARM.Collect$$libshutdown$$0000000A  c_w.l(libshutdown2.o)
    0x08000206   0x08000206   0x00000000   Code   RO         5978    .ARM.Collect$$libshutdown$$0000000C  c_w.l(libshutdown2.o)
    0x08000206   0x08000206   0x00000000   Code   RO         5981    .ARM.Collect$$libshutdown$$0000000F  c_w.l(libshutdown2.o)
    0x08000206   0x08000206   0x00000002   Code   RO         5982    .ARM.Collect$$libshutdown$$00000010  c_w.l(libshutdown2.o)
    0x08000208   0x08000208   0x00000000   Code   RO         5851    .ARM.Collect$$rtentry$$00000000  c_w.l(__rtentry.o)
    0x08000208   0x08000208   0x00000000   Code   RO         5862    .ARM.Collect$$rtentry$$00000002  c_w.l(__rtentry2.o)
    0x08000208   0x08000208   0x00000006   Code   RO         5874    .ARM.Collect$$rtentry$$00000004  c_w.l(__rtentry4.o)
    0x0800020e   0x0800020e   0x00000000   Code   RO         5864    .ARM.Collect$$rtentry$$00000009  c_w.l(__rtentry2.o)
    0x0800020e   0x0800020e   0x00000004   Code   RO         5865    .ARM.Collect$$rtentry$$0000000A  c_w.l(__rtentry2.o)
    0x08000212   0x08000212   0x00000000   Code   RO         5867    .ARM.Collect$$rtentry$$0000000C  c_w.l(__rtentry2.o)
    0x08000212   0x08000212   0x00000008   Code   RO         5868    .ARM.Collect$$rtentry$$0000000D  c_w.l(__rtentry2.o)
    0x0800021a   0x0800021a   0x00000002   Code   RO         5889    .ARM.Collect$$rtexit$$00000000  c_w.l(rtexit.o)
    0x0800021c   0x0800021c   0x00000000   Code   RO         5937    .ARM.Collect$$rtexit$$00000002  c_w.l(rtexit2.o)
    0x0800021c   0x0800021c   0x00000004   Code   RO         5938    .ARM.Collect$$rtexit$$00000003  c_w.l(rtexit2.o)
    0x08000220   0x08000220   0x00000006   Code   RO         5939    .ARM.Collect$$rtexit$$00000004  c_w.l(rtexit2.o)
    0x08000226   0x08000226   0x00000002   PAD
    0x08000228   0x08000228   0x00000040   Code   RO          333    .text               startup_stm32f40_41xxx.o
    0x08000268   0x08000268   0x0000003e   Code   RO         5823    .text               c_w.l(strlen.o)
    0x080002a6   0x080002a6   0x00000044   Code   RO         5825    .text               c_w.l(rt_memclr.o)
    0x080002ea   0x080002ea   0x00000006   Code   RO         5827    .text               c_w.l(heapauxi.o)
    0x080002f0   0x080002f0   0x0000004e   Code   RO         5852    .text               c_w.l(rt_memclr_w.o)
    0x0800033e   0x0800033e   0x0000004a   Code   RO         5876    .text               c_w.l(sys_stackheap_outer.o)
    0x08000388   0x08000388   0x00000012   Code   RO         5878    .text               c_w.l(exit.o)
    0x0800039a   0x0800039a   0x00000002   PAD
    0x0800039c   0x0800039c   0x00000008   Code   RO         5886    .text               c_w.l(libspace.o)
    0x080003a4   0x080003a4   0x0000000c   Code   RO         5947    .text               c_w.l(sys_exit.o)
    0x080003b0   0x080003b0   0x00000002   Code   RO         5958    .text               c_w.l(use_no_semi.o)
    0x080003b2   0x080003b2   0x00000000   Code   RO         5960    .text               c_w.l(indicate_semi.o)
    0x080003b2   0x080003b2   0x00000002   Code   RO            3    i.BusFault_Handler  stm32f4xx_it.o
    0x080003b4   0x080003b4   0x00000002   Code   RO            4    i.DebugMon_Handler  stm32f4xx_it.o
    0x080003b6   0x080003b6   0x00000078   Code   RO         2062    i.GPIO_Init         stm32f4xx_gpio.o
    0x0800042e   0x0800042e   0x00000020   Code   RO         2063    i.GPIO_PinAFConfig  stm32f4xx_gpio.o
    0x0800044e   0x0800044e   0x00000040   Code   RO         5777    i.GPIO_PinMode      iomanager.o
    0x0800048e   0x0800048e   0x0000000e   Code   RO         2068    i.GPIO_ReadOutputDataBit  stm32f4xx_gpio.o
    0x0800049c   0x0800049c   0x00000004   Code   RO         2069    i.GPIO_ResetBits    stm32f4xx_gpio.o
    0x080004a0   0x080004a0   0x0000000a   Code   RO         2074    i.GPIO_WriteBit     stm32f4xx_gpio.o
    0x080004aa   0x080004aa   0x00000002   Code   RO            5    i.HardFault_Handler  stm32f4xx_it.o
    0x080004ac   0x080004ac   0x00000002   Code   RO            6    i.MemManage_Handler  stm32f4xx_it.o
    0x080004ae   0x080004ae   0x00000002   PAD
    0x080004b0   0x080004b0   0x000000a4   Code   RO         5488    i.Movebase_CONTROL_DoEvents  movebase_control.o
    0x08000554   0x08000554   0x0000005c   Code   RO         5490    i.Movebase_CONTROL_PID_A  movebase_control.o
    0x080005b0   0x080005b0   0x0000005c   Code   RO         5491    i.Movebase_CONTROL_PID_B  movebase_control.o
    0x0800060c   0x0800060c   0x0000005c   Code   RO         5492    i.Movebase_CONTROL_PID_C  movebase_control.o
    0x08000668   0x08000668   0x0000005c   Code   RO         5493    i.Movebase_CONTROL_PID_D  movebase_control.o
    0x080006c4   0x080006c4   0x00000010   Code   RO         5494    i.Movebase_CONTROL_SetPI  movebase_control.o
    0x080006d4   0x080006d4   0x00000080   Code   RO         5495    i.Movebase_CONTROL_SetSpeed  movebase_control.o
    0x08000754   0x08000754   0x00000078   Code   RO         5497    i.Movebase_CONTROL_TimerInit  movebase_control.o
    0x080007cc   0x080007cc   0x00000020   Code   RO         5606    i.Movebase_DEBUGLED_Init  movebase_debugled.o
    0x080007ec   0x080007ec   0x00000048   Code   RO         5607    i.Movebase_DEBUGLED_Rotate  movebase_debugled.o
    0x08000834   0x08000834   0x00000044   Code   RO         5298    i.Movebase_ENCODER_GetData  movebase_encoder.o
    0x08000878   0x08000878   0x00000274   Code   RO         5299    i.Movebase_ENCODER_Init  movebase_encoder.o
    0x08000aec   0x08000aec   0x00000068   Code   RO         5450    i.Movebase_KINEMATIC_CalcMotorSpeed  movebase_kinematic.o
    0x08000b54   0x08000b54   0x00000010   Code   RO         5451    i.Movebase_KINEMATIC_SetTargetSpeed  movebase_kinematic.o
    0x08000b64   0x08000b64   0x00000010   Code   RO         5452    i.Movebase_KINEMATIC_SetVechicleSize  movebase_kinematic.o
    0x08000b74   0x08000b74   0x00000038   Code   RO         5348    i.Movebase_MOTOR_Init  movebase_motor.o
    0x08000bac   0x08000bac   0x00000108   Code   RO         5349    i.Movebase_MOTOR_PWM_Init  movebase_motor.o
    0x08000cb4   0x08000cb4   0x000000e8   Code   RO         5350    i.Movebase_MOTOR_SetPWM  movebase_motor.o
    0x08000d9c   0x08000d9c   0x00000002   Code   RO            7    i.NMI_Handler       stm32f4xx_it.o
    0x08000d9e   0x08000d9e   0x00000002   PAD
    0x08000da0   0x08000da0   0x00000064   Code   RO          339    i.NVIC_Init         misc.o
    0x08000e04   0x08000e04   0x00000014   Code   RO          340    i.NVIC_PriorityGroupConfig  misc.o
    0x08000e18   0x08000e18   0x00000002   Code   RO            8    i.PendSV_Handler    stm32f4xx_it.o
    0x08000e1a   0x08000e1a   0x00000002   PAD
    0x08000e1c   0x08000e1c   0x00000010   Code   RO         5574    i.Pulley_SERVO_Init  pulley_servo.o
    0x08000e2c   0x08000e2c   0x00000080   Code   RO         5575    i.Pulley_SERVO_Write  pulley_servo.o
    0x08000eac   0x08000eac   0x00000024   Code   RO         5644    i.Pulley_STEPPER_GetCurrentHeight  pulley_stepper.o
    0x08000ed0   0x08000ed0   0x00000040   Code   RO         5645    i.Pulley_STEPPER_Init  pulley_stepper.o
    0x08000f10   0x08000f10   0x00000038   Code   RO         5646    i.Pulley_STEPPER_SetHeight  pulley_stepper.o
    0x08000f48   0x08000f48   0x00000068   Code   RO         5647    i.Pulley_STEPPER_TimerInit  pulley_stepper.o
    0x08000fb0   0x08000fb0   0x0000001c   Code   RO         5694    i.Pulley_VEHICLE_C_HookRotate  pulley_vehicle.o
    0x08000fcc   0x08000fcc   0x000001c8   Code   RO         5695    i.Pulley_VEHICLE_Init  pulley_vehicle.o
    0x08001194   0x08001194   0x00000504   Code   RO         5696    i.Pulley_VEHICLE_Run  pulley_vehicle.o
    0x08001698   0x08001698   0x00000018   Code   RO         2926    i.RCC_AHB1PeriphClockCmd  stm32f4xx_rcc.o
    0x080016b0   0x080016b0   0x00000018   Code   RO         2935    i.RCC_APB1PeriphClockCmd  stm32f4xx_rcc.o
    0x080016c8   0x080016c8   0x00000018   Code   RO         2938    i.RCC_APB2PeriphClockCmd  stm32f4xx_rcc.o
    0x080016e0   0x080016e0   0x00000090   Code   RO         2947    i.RCC_GetClocksFreq  stm32f4xx_rcc.o
    0x08001770   0x08001770   0x00000054   Code   RO         5733    i.Remote_CONTROL_Init  remote_control.o
    0x080017c4   0x080017c4   0x00000070   Code   RO         5734    i.Remote_CONTROL_Reporter_Init  remote_control.o
    0x08001834   0x08001834   0x0000005c   Code   RO         5380    i.Remote_RADIO_FullRecieved  remote_radio.o
    0x08001890   0x08001890   0x0000000c   Code   RO         5381    i.Remote_RADIO_HasReaded  remote_radio.o
    0x0800189c   0x0800189c   0x0000007c   Code   RO         5382    i.Remote_RADIO_Init  remote_radio.o
    0x08001918   0x08001918   0x00000010   Code   RO         5383    i.Remote_RADIO_Send  remote_radio.o
    0x08001928   0x08001928   0x0000000c   Code   RO         5384    i.Remote_RADIO_SendFloat  remote_radio.o
    0x08001934   0x08001934   0x00000010   Code   RO         5385    i.Remote_RADIO_SendInt  remote_radio.o
    0x08001944   0x08001944   0x00000010   Code   RO         5112    i.Remote_USART1_Avaialable  remote_usart.o
    0x08001954   0x08001954   0x000000c4   Code   RO         5113    i.Remote_USART1_Init  remote_usart.o
    0x08001a18   0x08001a18   0x00000030   Code   RO         5114    i.Remote_USART1_ReadByte  remote_usart.o
    0x08001a48   0x08001a48   0x00000044   Code   RO         5115    i.Remote_USART1_Send  remote_usart.o
    0x08001a8c   0x08001a8c   0x00000050   Code   RO         5116    i.Remote_USART1_SendFloat  remote_usart.o
    0x08001adc   0x08001adc   0x00000070   Code   RO         5117    i.Remote_USART1_SendInt  remote_usart.o
    0x08001b4c   0x08001b4c   0x00000010   Code   RO         5118    i.Remote_USART2_Avaialable  remote_usart.o
    0x08001b5c   0x08001b5c   0x000000c4   Code   RO         5119    i.Remote_USART2_Init  remote_usart.o
    0x08001c20   0x08001c20   0x00000030   Code   RO         5120    i.Remote_USART2_ReadByte  remote_usart.o
    0x08001c50   0x08001c50   0x00000044   Code   RO         5121    i.Remote_USART2_Send  remote_usart.o
    0x08001c94   0x08001c94   0x00000050   Code   RO         5122    i.Remote_USART2_SendFloat  remote_usart.o
    0x08001ce4   0x08001ce4   0x00000070   Code   RO         5123    i.Remote_USART2_SendInt  remote_usart.o
    0x08001d54   0x08001d54   0x00000010   Code   RO         5124    i.Remote_USART3_Avaialable  remote_usart.o
    0x08001d64   0x08001d64   0x000000c4   Code   RO         5125    i.Remote_USART3_Init  remote_usart.o
    0x08001e28   0x08001e28   0x00000030   Code   RO         5126    i.Remote_USART3_ReadByte  remote_usart.o
    0x08001e58   0x08001e58   0x00000044   Code   RO         5127    i.Remote_USART3_Send  remote_usart.o
    0x08001e9c   0x08001e9c   0x00000050   Code   RO         5128    i.Remote_USART3_SendFloat  remote_usart.o
    0x08001eec   0x08001eec   0x00000070   Code   RO         5129    i.Remote_USART3_SendInt  remote_usart.o
    0x08001f5c   0x08001f5c   0x0000001e   Code   RO         5130    i.Remote_USART_Avaialable  remote_usart.o
    0x08001f7a   0x08001f7a   0x00000020   Code   RO         5131    i.Remote_USART_Init  remote_usart.o
    0x08001f9a   0x08001f9a   0x0000001e   Code   RO         5132    i.Remote_USART_ReadByte  remote_usart.o
    0x08001fb8   0x08001fb8   0x00000020   Code   RO         5133    i.Remote_USART_Send  remote_usart.o
    0x08001fd8   0x08001fd8   0x0000001a   Code   RO         5134    i.Remote_USART_SendFloat  remote_usart.o
    0x08001ff2   0x08001ff2   0x00000020   Code   RO         5135    i.Remote_USART_SendInt  remote_usart.o
    0x08002012   0x08002012   0x00000030   Code   RO         5136    i.Remote_USART_Write  remote_usart.o
    0x08002042   0x08002042   0x00000002   Code   RO            9    i.SVC_Handler       stm32f4xx_it.o
    0x08002044   0x08002044   0x000000b4   Code   RO          181    i.SetSysClock       system_stm32f4xx.o
    0x080020f8   0x080020f8   0x00000068   Code   RO         5797    i.Str2Float         stdfunctions.o
    0x08002160   0x08002160   0x00000030   Code   RO         5798    i.Str2Int           stdfunctions.o
    0x08002190   0x08002190   0x00000018   Code   RO          343    i.SysTick_CLKSourceConfig  misc.o
    0x080021a8   0x080021a8   0x00000002   Code   RO           10    i.SysTick_Handler   stm32f4xx_it.o
    0x080021aa   0x080021aa   0x00000002   PAD
    0x080021ac   0x080021ac   0x0000005c   Code   RO          183    i.SystemInit        system_stm32f4xx.o
    0x08002208   0x08002208   0x0000002e   Code   RO         4257    i.TI1_Config        stm32f4xx_tim.o
    0x08002236   0x08002236   0x00000036   Code   RO         4258    i.TI2_Config        stm32f4xx_tim.o
    0x0800226c   0x0800226c   0x000000c8   Code   RO         5735    i.TIM1_BRK_TIM9_IRQHandler  remote_control.o
    0x08002334   0x08002334   0x00000008   Code   RO         5300    i.TIM2_IRQHandler   movebase_encoder.o
    0x0800233c   0x0800233c   0x0000000c   Code   RO         5301    i.TIM3_IRQHandler   movebase_encoder.o
    0x08002348   0x08002348   0x0000000c   Code   RO         5302    i.TIM4_IRQHandler   movebase_encoder.o
    0x08002354   0x08002354   0x0000000c   Code   RO         5303    i.TIM5_IRQHandler   movebase_encoder.o
    0x08002360   0x08002360   0x00000028   Code   RO         5498    i.TIM6_DAC_IRQHandler  movebase_control.o
    0x08002388   0x08002388   0x00000078   Code   RO         5648    i.TIM7_IRQHandler   pulley_stepper.o
    0x08002400   0x08002400   0x00000014   Code   RO         4259    i.TIM_ARRPreloadConfig  stm32f4xx_tim.o
    0x08002414   0x08002414   0x00000006   Code   RO         4265    i.TIM_ClearFlag     stm32f4xx_tim.o
    0x0800241a   0x0800241a   0x00000006   Code   RO         4266    i.TIM_ClearITPendingBit  stm32f4xx_tim.o
    0x08002420   0x08002420   0x00000014   Code   RO         4271    i.TIM_Cmd           stm32f4xx_tim.o
    0x08002434   0x08002434   0x00000016   Code   RO         4273    i.TIM_CtrlPWMOutputs  stm32f4xx_tim.o
    0x0800244a   0x0800244a   0x00000032   Code   RO         4280    i.TIM_EncoderInterfaceConfig  stm32f4xx_tim.o
    0x0800247c   0x0800247c   0x00000018   Code   RO         4292    i.TIM_GetITStatus   stm32f4xx_tim.o
    0x08002494   0x08002494   0x000000ac   Code   RO         4294    i.TIM_ICInit        stm32f4xx_tim.o
    0x08002540   0x08002540   0x00000010   Code   RO         4295    i.TIM_ICStructInit  stm32f4xx_tim.o
    0x08002550   0x08002550   0x00000010   Code   RO         4296    i.TIM_ITConfig      stm32f4xx_tim.o
    0x08002560   0x08002560   0x00000060   Code   RO         4300    i.TIM_OC1Init       stm32f4xx_tim.o
    0x080025c0   0x080025c0   0x0000000c   Code   RO         4303    i.TIM_OC1PreloadConfig  stm32f4xx_tim.o
    0x080025cc   0x080025cc   0x00000080   Code   RO         4305    i.TIM_OC2Init       stm32f4xx_tim.o
    0x0800264c   0x0800264c   0x00000014   Code   RO         4308    i.TIM_OC2PreloadConfig  stm32f4xx_tim.o
    0x08002660   0x08002660   0x0000007c   Code   RO         4310    i.TIM_OC3Init       stm32f4xx_tim.o
    0x080026dc   0x080026dc   0x0000000c   Code   RO         4313    i.TIM_OC3PreloadConfig  stm32f4xx_tim.o
    0x080026e8   0x080026e8   0x00000060   Code   RO         4315    i.TIM_OC4Init       stm32f4xx_tim.o
    0x08002748   0x08002748   0x00000014   Code   RO         4317    i.TIM_OC4PreloadConfig  stm32f4xx_tim.o
    0x0800275c   0x0800275c   0x00000004   Code   RO         4337    i.TIM_SetCounter    stm32f4xx_tim.o
    0x08002760   0x08002760   0x00000010   Code   RO         4338    i.TIM_SetIC1Prescaler  stm32f4xx_tim.o
    0x08002770   0x08002770   0x00000018   Code   RO         4339    i.TIM_SetIC2Prescaler  stm32f4xx_tim.o
    0x08002788   0x08002788   0x00000010   Code   RO         4340    i.TIM_SetIC3Prescaler  stm32f4xx_tim.o
    0x08002798   0x08002798   0x00000018   Code   RO         4341    i.TIM_SetIC4Prescaler  stm32f4xx_tim.o
    0x080027b0   0x080027b0   0x0000007c   Code   RO         4343    i.TIM_TimeBaseInit  stm32f4xx_tim.o
    0x0800282c   0x0800282c   0x00000012   Code   RO         4344    i.TIM_TimeBaseStructInit  stm32f4xx_tim.o
    0x0800283e   0x0800283e   0x00000002   PAD
    0x08002840   0x08002840   0x0000006c   Code   RO         5137    i.USART1_IRQHandler  remote_usart.o
    0x080028ac   0x080028ac   0x0000006c   Code   RO         5138    i.USART2_IRQHandler  remote_usart.o
    0x08002918   0x08002918   0x0000006c   Code   RO         5139    i.USART3_IRQHandler  remote_usart.o
    0x08002984   0x08002984   0x00000006   Code   RO         4804    i.USART_ClearFlag   stm32f4xx_usart.o
    0x0800298a   0x0800298a   0x0000000c   Code   RO         4805    i.USART_ClearITPendingBit  stm32f4xx_usart.o
    0x08002996   0x08002996   0x00000014   Code   RO         4808    i.USART_Cmd         stm32f4xx_usart.o
    0x080029aa   0x080029aa   0x0000000e   Code   RO         4811    i.USART_GetFlagStatus  stm32f4xx_usart.o
    0x080029b8   0x080029b8   0x0000003e   Code   RO         4812    i.USART_GetITStatus  stm32f4xx_usart.o
    0x080029f6   0x080029f6   0x00000030   Code   RO         4814    i.USART_ITConfig    stm32f4xx_usart.o
    0x08002a26   0x08002a26   0x00000002   PAD
    0x08002a28   0x08002a28   0x000000ac   Code   RO         4815    i.USART_Init        stm32f4xx_usart.o
    0x08002ad4   0x08002ad4   0x00000008   Code   RO         4822    i.USART_ReceiveData  stm32f4xx_usart.o
    0x08002adc   0x08002adc   0x00000008   Code   RO         4825    i.USART_SendData    stm32f4xx_usart.o
    0x08002ae4   0x08002ae4   0x00000002   Code   RO           11    i.UsageFault_Handler  stm32f4xx_it.o
    0x08002ae6   0x08002ae6   0x00000002   PAD
    0x08002ae8   0x08002ae8   0x0000002c   Code   RO         5054    i.delay_init        delay.o
    0x08002b14   0x08002b14   0x00000034   Code   RO         5055    i.delay_ms          delay.o
    0x08002b48   0x08002b48   0x00000034   Code   RO         5057    i.delay_xms         delay.o
    0x08002b7c   0x08002b7c   0x000000d8   Code   RO          218    i.main              crane.o
    0x08002c54   0x08002c54   0x00000062   Code   RO         5831    x$fpl$d2f           fz_wm.l(d2f.o)
    0x08002cb6   0x08002cb6   0x00000002   PAD
    0x08002cb8   0x08002cb8   0x00000150   Code   RO         5833    x$fpl$dadd          fz_wm.l(daddsub_clz.o)
    0x08002e08   0x08002e08   0x0000005e   Code   RO         5839    x$fpl$dfix          fz_wm.l(dfix.o)
    0x08002e66   0x08002e66   0x0000002e   Code   RO         5844    x$fpl$dflt          fz_wm.l(dflt_clz.o)
    0x08002e94   0x08002e94   0x00000026   Code   RO         5843    x$fpl$dfltu         fz_wm.l(dflt_clz.o)
    0x08002eba   0x08002eba   0x00000002   PAD
    0x08002ebc   0x08002ebc   0x00000154   Code   RO         5849    x$fpl$dmul          fz_wm.l(dmul.o)
    0x08003010   0x08003010   0x0000009c   Code   RO         5854    x$fpl$dnaninf       fz_wm.l(dnaninf.o)
    0x080030ac   0x080030ac   0x0000000c   Code   RO         5856    x$fpl$dretinf       fz_wm.l(dretinf.o)
    0x080030b8   0x080030b8   0x000001d4   Code   RO         5835    x$fpl$dsub          fz_wm.l(daddsub_clz.o)
    0x0800328c   0x0800328c   0x0000000a   Code   RO         5945    x$fpl$fpinit        fz_wm.l(fpinit.o)
    0x08003296   0x08003296   0x0000000a   Code   RO         5858    x$fpl$fretinf       fz_wm.l(fretinf.o)
    0x080032a0   0x080032a0   0x00000000   Code   RO         5860    x$fpl$usenofp       fz_wm.l(usenofp.o)
    0x080032a0   0x080032a0   0x00000020   Data   RO         6013    Region$$Table       anon$$obj.o


    Execution Region RW_IRAM1 (Exec base: 0x20000000, Load base: 0x080032c0, Size: 0x00001780, Max: 0x00020000, ABSOLUTE)

    Exec Addr    Load Addr    Size         Type   Attr      Idx    E Section Name        Object

    0x20000000   0x080032c0   0x00000001   Data   RW          220    .data               crane.o
    0x20000001   0x080032c1   0x00000010   Data   RW         2979    .data               stm32f4xx_rcc.o
    0x20000011   0x080032d1   0x00000001   PAD
    0x20000012   0x080032d2   0x00000004   Data   RW         5058    .data               delay.o
    0x20000016   0x080032d6   0x00000012   Data   RW         5141    .data               remote_usart.o
    0x20000028   0x080032e8   0x00000008   Data   RW         5388    .data               remote_radio.o
    0x20000030   0x080032f0   0x00000024   Data   RW         5453    .data               movebase_kinematic.o
    0x20000054   0x08003314   0x0000005c   Data   RW         5499    .data               movebase_control.o
    0x200000b0   0x08003370   0x00000004   Data   RW         5576    .data               pulley_servo.o
    0x200000b4   0x08003374   0x00000001   Data   RW         5609    .data               movebase_debugled.o
    0x200000b5   0x08003375   0x00000003   PAD
    0x200000b8   0x08003378   0x0000000c   Data   RW         5649    .data               pulley_stepper.o
    0x200000c4   0x08003384   0x00000007   Data   RW         5697    .data               pulley_vehicle.o
    0x200000cb   0x0800338b   0x00000001   PAD
    0x200000cc        -       0x00000050   Zero   RW          219    .bss                crane.o
    0x2000011c        -       0x00000c00   Zero   RW         5140    .bss                remote_usart.o
    0x20000d1c        -       0x00000400   Zero   RW         5387    .bss                remote_radio.o
    0x2000111c        -       0x00000060   Zero   RW         5887    .bss                c_w.l(libspace.o)
    0x2000117c   0x0800338b   0x00000004   PAD
    0x20001180        -       0x00000200   Zero   RW          331    HEAP                startup_stm32f40_41xxx.o
    0x20001380        -       0x00000400   Zero   RW          330    STACK               startup_stm32f40_41xxx.o


==============================================================================

Image component sizes


      Code (inc. data)   RO Data    RW Data    ZI Data      Debug   Object Name

       216         16          0          1         80     230447   crane.o
       148         12          0          4          0       1892   delay.o
        64          0          0          0          0       1187   iomanager.o
       144         14          0          0          0       2133   misc.o
       836         74          0         92          0       7294   movebase_control.o
       104         16          0          1          0       1342   movebase_debugled.o
       740         44          0          0          0       3499   movebase_encoder.o
       136         14          0         36          0       2645   movebase_kinematic.o
       552         24          0          0          0       2236   movebase_motor.o
       144         24          0          4          0       1589   pulley_servo.o
       380         48          0         12          0       3371   pulley_stepper.o
      1768         48          0          7          0       3462   pulley_vehicle.o
       396         58          0          0          0       1876   remote_control.o
       272         44          0          8       1024       4300   remote_radio.o
      2114        174          0         18       3072      19551   remote_usart.o
        64         26        392          0       1536        820   startup_stm32f40_41xxx.o
       152          4          0          0          0       1742   stdfunctions.o
       180          0          0          0          0       3565   stm32f4xx_gpio.o
        18          0          0          0          0      56146   stm32f4xx_it.o
       216         30          0         16          0       4691   stm32f4xx_rcc.o
      1186         60          0          0          0      18936   stm32f4xx_tim.o
       350          8          0          0          0       6709   stm32f4xx_usart.o
       272         36          0          0          0       1533   system_stm32f4xx.o

    ----------------------------------------------------------------------
     10466        774        424        204       5712     380966   Object Totals
         0          0         32          0          0          0   (incl. Generated)
        14          0          0          5          0          0   (incl. Padding)

    ----------------------------------------------------------------------

      Code (inc. data)   RO Data    RW Data    ZI Data      Debug   Library Member Name

         8          0          0          0          0         68   __main.o
         0          0          0          0          0          0   __rtentry.o
        12          0          0          0          0          0   __rtentry2.o
         6          0          0          0          0          0   __rtentry4.o
        52          8          0          0          0          0   __scatter.o
        26          0          0          0          0          0   __scatter_copy.o
        28          0          0          0          0          0   __scatter_zi.o
        18          0          0          0          0         80   exit.o
         6          0          0          0          0        152   heapauxi.o
         0          0          0          0          0          0   indicate_semi.o
         2          0          0          0          0          0   libinit.o
         6          0          0          0          0          0   libinit2.o
         2          0          0          0          0          0   libshutdown.o
         2          0          0          0          0          0   libshutdown2.o
         8          4          0          0         96         68   libspace.o
        68          0          0          0          0         68   rt_memclr.o
        78          0          0          0          0         80   rt_memclr_w.o
         2          0          0          0          0          0   rtexit.o
        10          0          0          0          0          0   rtexit2.o
        62          0          0          0          0         76   strlen.o
        12          4          0          0          0         68   sys_exit.o
        74          0          0          0          0         80   sys_stackheap_outer.o
         2          0          0          0          0         68   use_no_semi.o
        98          4          0          0          0        140   d2f.o
       804         16          0          0          0        368   daddsub_clz.o
        94          4          0          0          0        140   dfix.o
        84          0          0          0          0        232   dflt_clz.o
       340         12          0          0          0        152   dmul.o
       156          4          0          0          0        140   dnaninf.o
        12          0          0          0          0        116   dretinf.o
        10          0          0          0          0        116   fpinit.o
        10          0          0          0          0        116   fretinf.o
         0          0          0          0          0          0   usenofp.o

    ----------------------------------------------------------------------
      2102         56          0          0        100       2328   Library Totals
        10          0          0          0          4          0   (incl. Padding)

    ----------------------------------------------------------------------

      Code (inc. data)   RO Data    RW Data    ZI Data      Debug   Library Name

       484         16          0          0         96        808   c_w.l
      1608         40          0          0          0       1520   fz_wm.l

    ----------------------------------------------------------------------
      2102         56          0          0        100       2328   Library Totals

    ----------------------------------------------------------------------

==============================================================================


      Code (inc. data)   RO Data    RW Data    ZI Data      Debug   

     12568        830        424        204       5812     369682   Grand Totals
     12568        830        424        204       5812     369682   ELF Image Totals
     12568        830        424        204          0          0   ROM Totals

==============================================================================

    Total RO  Size (Code + RO Data)                12992 (  12.69kB)
    Total RW  Size (RW Data + ZI Data)              6016 (   5.88kB)
    Total ROM Size (Code + RO Data + RW Data)      13196 (  12.89kB)

==============================================================================

